[1;34m[deploy][0m Destroying infrastructure (data is preserved in pg_backup/) ...
[0m[1mdata.aws_ami.ubuntu: Reading...[0m[0m
[0m[1mdata.aws_subnets.default: Reading...[0m[0m
[0m[1mdata.aws_vpc.default: Reading...[0m[0m
[0m[1mdata.aws_iam_policy_document.assume_ec2: Reading...[0m[0m
[0m[1mdata.aws_iam_policy_document.assume_ec2: Read complete after 0s [id=2851119427][0m
[0m[1maws_iam_role.erp_demo: Refreshing state... [id=erp-demo-ssm-role][0m
[0m[1mdata.aws_subnets.default: Read complete after 1s [id=us-east-1][0m
[0m[1mdata.aws_ami.ubuntu: Read complete after 2s [id=ami-0d001f8052688dc45][0m
[0m[1maws_iam_role_policy_attachment.erp_demo_ssm: Refreshing state... [id=erp-demo-ssm-role-20260714084821745000000001][0m
[0m[1maws_iam_instance_profile.erp_demo: Refreshing state... [id=erp-demo-ssm-profile][0m
[0m[1mdata.aws_vpc.default: Read complete after 2s [id=vpc-000d2ddebe40c1aab][0m
[0m[1maws_security_group.erp_demo: Refreshing state... [id=sg-087022780cc5b04cb][0m
[0m[1maws_instance.this: Refreshing state... [id=i-007962bbbe476e853][0m
[0m[1maws_ec2_instance_state.this: Refreshing state... [id=i-007962bbbe476e853][0m
[0m[1maws_eip.this: Refreshing state... [id=eipalloc-02d6b8861831dbf3b][0m

Terraform used the selected providers to generate the following execution
plan. Resource actions are indicated with the following symbols:
  [31m-[0m destroy[0m

Terraform will perform the following actions:

[1m  # aws_ec2_instance_state.this[0m will be [1m[31mdestroyed[0m
[0m  [31m-[0m[0m resource "aws_ec2_instance_state" "this" {
      [31m-[0m[0m force       = false [90m-> null[0m[0m
      [31m-[0m[0m id          = "i-007962bbbe476e853" [90m-> null[0m[0m
      [31m-[0m[0m instance_id = "i-007962bbbe476e853" [90m-> null[0m[0m
      [31m-[0m[0m state       = "running" [90m-> null[0m[0m
    }

[1m  # aws_eip.this[0m will be [1m[31mdestroyed[0m
[0m  [31m-[0m[0m resource "aws_eip" "this" {
      [31m-[0m[0m allocation_id             = "eipalloc-02d6b8861831dbf3b" [90m-> null[0m[0m
      [31m-[0m[0m arn                       = "arn:aws:ec2:us-east-1:888577063211:elastic-ip/eipalloc-02d6b8861831dbf3b" [90m-> null[0m[0m
      [31m-[0m[0m associate_with_private_ip = "172.31.35.235" [90m-> null[0m[0m
      [31m-[0m[0m association_id            = "eipassoc-04204c795b3620a48" [90m-> null[0m[0m
      [31m-[0m[0m domain                    = "vpc" [90m-> null[0m[0m
      [31m-[0m[0m id                        = "eipalloc-02d6b8861831dbf3b" [90m-> null[0m[0m
      [31m-[0m[0m instance                  = "i-007962bbbe476e853" [90m-> null[0m[0m
      [31m-[0m[0m network_border_group      = "us-east-1" [90m-> null[0m[0m
      [31m-[0m[0m network_interface         = "eni-0f29a702db0d101ac" [90m-> null[0m[0m
      [31m-[0m[0m private_dns               = "ip-172-31-35-235.ec2.internal" [90m-> null[0m[0m
      [31m-[0m[0m private_ip                = "172.31.35.235" [90m-> null[0m[0m
      [31m-[0m[0m public_dns                = "ec2-44-206-35-45.compute-1.amazonaws.com" [90m-> null[0m[0m
      [31m-[0m[0m public_ip                 = "44.206.35.45" [90m-> null[0m[0m
      [31m-[0m[0m public_ipv4_pool          = "amazon" [90m-> null[0m[0m
      [31m-[0m[0m tags                      = {
          [31m-[0m[0m "Name" = "erp-demo-eip"
        } [90m-> null[0m[0m
      [31m-[0m[0m tags_all                  = {
          [31m-[0m[0m "Name" = "erp-demo-eip"
        } [90m-> null[0m[0m
      [31m-[0m[0m vpc                       = true [90m-> null[0m[0m
        [90m# (4 unchanged attributes hidden)[0m[0m
    }

[1m  # aws_iam_instance_profile.erp_demo[0m will be [1m[31mdestroyed[0m
[0m  [31m-[0m[0m resource "aws_iam_instance_profile" "erp_demo" {
      [31m-[0m[0m arn         = "arn:aws:iam::888577063211:instance-profile/erp-demo-ssm-profile" [90m-> null[0m[0m
      [31m-[0m[0m create_date = "2026-07-14T08:48:19Z" [90m-> null[0m[0m
      [31m-[0m[0m id          = "erp-demo-ssm-profile" [90m-> null[0m[0m
      [31m-[0m[0m name        = "erp-demo-ssm-profile" [90m-> null[0m[0m
      [31m-[0m[0m path        = "/" [90m-> null[0m[0m
      [31m-[0m[0m role        = "erp-demo-ssm-role" [90m-> null[0m[0m
      [31m-[0m[0m tags        = {} [90m-> null[0m[0m
      [31m-[0m[0m tags_all    = {} [90m-> null[0m[0m
      [31m-[0m[0m unique_id   = "AIPA45Y2R7EVXGDLR4TK4" [90m-> null[0m[0m
        [90m# (1 unchanged attribute hidden)[0m[0m
    }

[1m  # aws_iam_role.erp_demo[0m will be [1m[31mdestroyed[0m
[0m  [31m-[0m[0m resource "aws_iam_role" "erp_demo" {
      [31m-[0m[0m arn                   = "arn:aws:iam::888577063211:role/erp-demo-ssm-role" [90m-> null[0m[0m
      [31m-[0m[0m assume_role_policy    = jsonencode(
            {
              [31m-[0m[0m Statement = [
                  [31m-[0m[0m {
                      [31m-[0m[0m Action    = "sts:AssumeRole"
                      [31m-[0m[0m Effect    = "Allow"
                      [31m-[0m[0m Principal = {
                          [31m-[0m[0m Service = "ec2.amazonaws.com"
                        }
                    },
                ]
              [31m-[0m[0m Version   = "2012-10-17"
            }
        ) [90m-> null[0m[0m
      [31m-[0m[0m create_date           = "2026-07-14T08:48:17Z" [90m-> null[0m[0m
      [31m-[0m[0m force_detach_policies = false [90m-> null[0m[0m
      [31m-[0m[0m id                    = "erp-demo-ssm-role" [90m-> null[0m[0m
      [31m-[0m[0m managed_policy_arns   = [
          [31m-[0m[0m "arn:aws:iam::aws:policy/AmazonSSMManagedInstanceCore",
        ] [90m-> null[0m[0m
      [31m-[0m[0m max_session_duration  = 3600 [90m-> null[0m[0m
      [31m-[0m[0m name                  = "erp-demo-ssm-role" [90m-> null[0m[0m
      [31m-[0m[0m path                  = "/" [90m-> null[0m[0m
      [31m-[0m[0m tags                  = {} [90m-> null[0m[0m
      [31m-[0m[0m tags_all              = {} [90m-> null[0m[0m
      [31m-[0m[0m unique_id             = "AROA45Y2R7EV3PDG77SCS" [90m-> null[0m[0m
        [90m# (3 unchanged attributes hidden)[0m[0m
    }

[1m  # aws_iam_role_policy_attachment.erp_demo_ssm[0m will be [1m[31mdestroyed[0m
[0m  [31m-[0m[0m resource "aws_iam_role_policy_attachment" "erp_demo_ssm" {
      [31m-[0m[0m id         = "erp-demo-ssm-role-20260714084821745000000001" [90m-> null[0m[0m
      [31m-[0m[0m policy_arn = "arn:aws:iam::aws:policy/AmazonSSMManagedInstanceCore" [90m-> null[0m[0m
      [31m-[0m[0m role       = "erp-demo-ssm-role" [90m-> null[0m[0m
    }

[1m  # aws_instance.this[0m will be [1m[31mdestroyed[0m
[0m  [31m-[0m[0m resource "aws_instance" "this" {
      [31m-[0m[0m ami                                  = "ami-0d001f8052688dc45" [90m-> null[0m[0m
      [31m-[0m[0m arn                                  = "arn:aws:ec2:us-east-1:888577063211:instance/i-007962bbbe476e853" [90m-> null[0m[0m
      [31m-[0m[0m associate_public_ip_address          = true [90m-> null[0m[0m
      [31m-[0m[0m availability_zone                    = "us-east-1a" [90m-> null[0m[0m
      [31m-[0m[0m cpu_core_count                       = 1 [90m-> null[0m[0m
      [31m-[0m[0m cpu_threads_per_core                 = 2 [90m-> null[0m[0m
      [31m-[0m[0m disable_api_stop                     = false [90m-> null[0m[0m
      [31m-[0m[0m disable_api_termination              = false [90m-> null[0m[0m
      [31m-[0m[0m ebs_optimized                        = false [90m-> null[0m[0m
      [31m-[0m[0m get_password_data                    = false [90m-> null[0m[0m
      [31m-[0m[0m hibernation                          = false [90m-> null[0m[0m
      [31m-[0m[0m iam_instance_profile                 = "erp-demo-ssm-profile" [90m-> null[0m[0m
      [31m-[0m[0m id                                   = "i-007962bbbe476e853" [90m-> null[0m[0m
      [31m-[0m[0m instance_initiated_shutdown_behavior = "stop" [90m-> null[0m[0m
      [31m-[0m[0m instance_state                       = "running" [90m-> null[0m[0m
      [31m-[0m[0m instance_type                        = "t3.large" [90m-> null[0m[0m
      [31m-[0m[0m ipv6_address_count                   = 0 [90m-> null[0m[0m
      [31m-[0m[0m ipv6_addresses                       = [] [90m-> null[0m[0m
      [31m-[0m[0m monitoring                           = false [90m-> null[0m[0m
      [31m-[0m[0m placement_partition_number           = 0 [90m-> null[0m[0m
      [31m-[0m[0m primary_network_interface_id         = "eni-0f29a702db0d101ac" [90m-> null[0m[0m
      [31m-[0m[0m private_dns                          = "ip-172-31-35-235.ec2.internal" [90m-> null[0m[0m
      [31m-[0m[0m private_ip                           = "172.31.35.235" [90m-> null[0m[0m
      [31m-[0m[0m public_dns                           = "ec2-44-206-35-45.compute-1.amazonaws.com" [90m-> null[0m[0m
      [31m-[0m[0m public_ip                            = "44.206.35.45" [90m-> null[0m[0m
      [31m-[0m[0m secondary_private_ips                = [] [90m-> null[0m[0m
      [31m-[0m[0m security_groups                      = [
          [31m-[0m[0m "erp-demo-sg",
        ] [90m-> null[0m[0m
      [31m-[0m[0m source_dest_check                    = true [90m-> null[0m[0m
      [31m-[0m[0m subnet_id                            = "subnet-086ea2cb954155fb9" [90m-> null[0m[0m
      [31m-[0m[0m tags                                 = {
          [31m-[0m[0m "Name" = "erp-demo"
        } [90m-> null[0m[0m
      [31m-[0m[0m tags_all                             = {
          [31m-[0m[0m "Name" = "erp-demo"
        } [90m-> null[0m[0m
      [31m-[0m[0m tenancy                              = "default" [90m-> null[0m[0m
      [31m-[0m[0m user_data                            = (sensitive value) [90m-> null[0m[0m
      [31m-[0m[0m user_data_replace_on_change          = false [90m-> null[0m[0m
      [31m-[0m[0m vpc_security_group_ids               = [
          [31m-[0m[0m "sg-087022780cc5b04cb",
        ] [90m-> null[0m[0m
        [90m# (7 unchanged attributes hidden)[0m[0m

      [31m-[0m[0m capacity_reservation_specification {
          [31m-[0m[0m capacity_reservation_preference = "open" [90m-> null[0m[0m
        }

      [31m-[0m[0m cpu_options {
          [31m-[0m[0m core_count       = 1 [90m-> null[0m[0m
          [31m-[0m[0m threads_per_core = 2 [90m-> null[0m[0m
            [90m# (1 unchanged attribute hidden)[0m[0m
        }

      [31m-[0m[0m credit_specification {
          [31m-[0m[0m cpu_credits = "unlimited" [90m-> null[0m[0m
        }

      [31m-[0m[0m enclave_options {
          [31m-[0m[0m enabled = false [90m-> null[0m[0m
        }

      [31m-[0m[0m maintenance_options {
          [31m-[0m[0m auto_recovery = "default" [90m-> null[0m[0m
        }

      [31m-[0m[0m metadata_options {
          [31m-[0m[0m http_endpoint               = "enabled" [90m-> null[0m[0m
          [31m-[0m[0m http_protocol_ipv6          = "disabled" [90m-> null[0m[0m
          [31m-[0m[0m http_put_response_hop_limit = 1 [90m-> null[0m[0m
          [31m-[0m[0m http_tokens                 = "optional" [90m-> null[0m[0m
          [31m-[0m[0m instance_metadata_tags      = "disabled" [90m-> null[0m[0m
        }

      [31m-[0m[0m private_dns_name_options {
          [31m-[0m[0m enable_resource_name_dns_a_record    = false [90m-> null[0m[0m
          [31m-[0m[0m enable_resource_name_dns_aaaa_record = false [90m-> null[0m[0m
          [31m-[0m[0m hostname_type                        = "ip-name" [90m-> null[0m[0m
        }

      [31m-[0m[0m root_block_device {
          [31m-[0m[0m delete_on_termination = true [90m-> null[0m[0m
          [31m-[0m[0m device_name           = "/dev/sda1" [90m-> null[0m[0m
          [31m-[0m[0m encrypted             = true [90m-> null[0m[0m
          [31m-[0m[0m iops                  = 3000 [90m-> null[0m[0m
          [31m-[0m[0m kms_key_id            = "arn:aws:kms:us-east-1:888577063211:key/0da680d9-d4f5-4489-93d9-18632c00a4a2" [90m-> null[0m[0m
          [31m-[0m[0m tags                  = {} [90m-> null[0m[0m
          [31m-[0m[0m tags_all              = {} [90m-> null[0m[0m
          [31m-[0m[0m throughput            = 125 [90m-> null[0m[0m
          [31m-[0m[0m volume_id             = "vol-0a94316ceac79ba99" [90m-> null[0m[0m
          [31m-[0m[0m volume_size           = 50 [90m-> null[0m[0m
          [31m-[0m[0m volume_type           = "gp3" [90m-> null[0m[0m
        }
    }

[1m  # aws_security_group.erp_demo[0m will be [1m[31mdestroyed[0m
[0m  [31m-[0m[0m resource "aws_security_group" "erp_demo" {
      [31m-[0m[0m arn                    = "arn:aws:ec2:us-east-1:888577063211:security-group/sg-087022780cc5b04cb" [90m-> null[0m[0m
      [31m-[0m[0m description            = "ERP demo: SSH + HTTP" [90m-> null[0m[0m
      [31m-[0m[0m egress                 = [
          [31m-[0m[0m {
              [31m-[0m[0m cidr_blocks      = [
                  [31m-[0m[0m "0.0.0.0/0",
                ]
              [31m-[0m[0m from_port        = 0
              [31m-[0m[0m ipv6_cidr_blocks = []
              [31m-[0m[0m prefix_list_ids  = []
              [31m-[0m[0m protocol         = "-1"
              [31m-[0m[0m security_groups  = []
              [31m-[0m[0m self             = false
              [31m-[0m[0m to_port          = 0
                [90m# (1 unchanged attribute hidden)[0m[0m
            },
        ] [90m-> null[0m[0m
      [31m-[0m[0m id                     = "sg-087022780cc5b04cb" [90m-> null[0m[0m
      [31m-[0m[0m ingress                = [
          [31m-[0m[0m {
              [31m-[0m[0m cidr_blocks      = [
                  [31m-[0m[0m "0.0.0.0/0",
                ]
              [31m-[0m[0m description      = "HTTP"
              [31m-[0m[0m from_port        = 80
              [31m-[0m[0m ipv6_cidr_blocks = []
              [31m-[0m[0m prefix_list_ids  = []
              [31m-[0m[0m protocol         = "tcp"
              [31m-[0m[0m security_groups  = []
              [31m-[0m[0m self             = false
              [31m-[0m[0m to_port          = 80
            },
          [31m-[0m[0m {
              [31m-[0m[0m cidr_blocks      = [
                  [31m-[0m[0m "0.0.0.0/0",
                ]
              [31m-[0m[0m description      = "SSH"
              [31m-[0m[0m from_port        = 22
              [31m-[0m[0m ipv6_cidr_blocks = []
              [31m-[0m[0m prefix_list_ids  = []
              [31m-[0m[0m protocol         = "tcp"
              [31m-[0m[0m security_groups  = []
              [31m-[0m[0m self             = false
              [31m-[0m[0m to_port          = 22
            },
        ] [90m-> null[0m[0m
      [31m-[0m[0m name                   = "erp-demo-sg" [90m-> null[0m[0m
      [31m-[0m[0m owner_id               = "888577063211" [90m-> null[0m[0m
      [31m-[0m[0m revoke_rules_on_delete = false [90m-> null[0m[0m
      [31m-[0m[0m tags                   = {
          [31m-[0m[0m "Name" = "erp-demo-sg"
        } [90m-> null[0m[0m
      [31m-[0m[0m tags_all               = {
          [31m-[0m[0m "Name" = "erp-demo-sg"
        } [90m-> null[0m[0m
      [31m-[0m[0m vpc_id                 = "vpc-000d2ddebe40c1aab" [90m-> null[0m[0m
        [90m# (1 unchanged attribute hidden)[0m[0m
    }

[1mPlan:[0m 0 to add, 0 to change, 7 to destroy.
[0m
Changes to Outputs:
  [31m-[0m[0m app_url     = "http://44.206.35.45" [90m-> null[0m[0m
  [31m-[0m[0m instance_id = "i-007962bbbe476e853" [90m-> null[0m[0m
  [31m-[0m[0m public_ip   = "44.206.35.45" [90m-> null[0m[0m
  [31m-[0m[0m ssh_command = "no key pair configured" [90m-> null[0m[0m
[0m[1maws_iam_role_policy_attachment.erp_demo_ssm: Destroying... [id=erp-demo-ssm-role-20260714084821745000000001][0m[0m
[0m[1maws_ec2_instance_state.this: Destroying... [id=i-007962bbbe476e853][0m[0m
[0m[1maws_eip.this: Destroying... [id=eipalloc-02d6b8861831dbf3b][0m[0m
[0m[1maws_ec2_instance_state.this: Destruction complete after 0s[0m
[0m[1maws_iam_role_policy_attachment.erp_demo_ssm: Destruction complete after 2s[0m
[0m[1maws_eip.this: Destruction complete after 3s[0m
[0m[1maws_instance.this: Destroying... [id=i-007962bbbe476e853][0m[0m
[0m[1maws_instance.this: Still destroying... [id=i-007962bbbe476e853, 00m10s elapsed][0m[0m
[0m[1maws_instance.this: Still destroying... [id=i-007962bbbe476e853, 00m20s elapsed][0m[0m
[0m[1maws_instance.this: Still destroying... [id=i-007962bbbe476e853, 00m30s elapsed][0m[0m
[0m[1maws_instance.this: Still destroying... [id=i-007962bbbe476e853, 00m40s elapsed][0m[0m
[0m[1maws_instance.this: Still destroying... [id=i-007962bbbe476e853, 00m50s elapsed][0m[0m
[0m[1maws_instance.this: Destruction complete after 53s[0m
[0m[1maws_iam_instance_profile.erp_demo: Destroying... [id=erp-demo-ssm-profile][0m[0m
[0m[1maws_security_group.erp_demo: Destroying... [id=sg-087022780cc5b04cb][0m[0m
[0m[1maws_iam_instance_profile.erp_demo: Destruction complete after 0s[0m
[0m[1maws_iam_role.erp_demo: Destroying... [id=erp-demo-ssm-role][0m[0m
[0m[1maws_security_group.erp_demo: Destruction complete after 1s[0m
[0m[1maws_iam_role.erp_demo: Destruction complete after 1s[0m
[0m[1m[32m
Destroy complete! Resources: 7 destroyed.
[0m[1;34m[deploy][0m Tear-down complete. No compute cost continues.
