🔍 Checking database connectivity at localhost:5432...
✅ Database is ready and reachable.
⏳ DB ready, waiting 5s for stabilization...
Loading model: advance.js from D:\fullstack-erp-app\backend\models\HR
Loading model: attendance.js from D:\fullstack-erp-app\backend\models\HR
Loading model: company-settings.js from D:\fullstack-erp-app\backend\models\HR
Loading model: emp-experience-master.js from D:\fullstack-erp-app\backend\models\HR
Loading model: emp-ext-ot.js from D:\fullstack-erp-app\backend\models\HR
Loading model: emp-family-master.js from D:\fullstack-erp-app\backend\models\HR
Loading model: emp-official-details.js from D:\fullstack-erp-app\backend\models\HR
Loading model: emp-qualification-master.js from D:\fullstack-erp-app\backend\models\HR
Loading model: emp-salary-details.js from D:\fullstack-erp-app\backend\models\HR
Loading model: employee-master.js from D:\fullstack-erp-app\backend\models\HR
Loading model: esi-leave.js from D:\fullstack-erp-app\backend\models\HR
Loading model: g-attendance.js from D:\fullstack-erp-app\backend\models\HR
Loading model: holiday.js from D:\fullstack-erp-app\backend\models\HR
Loading model: leave-application.js from D:\fullstack-erp-app\backend\models\HR
Loading model: leave-approval.js from D:\fullstack-erp-app\backend\models\HR
Loading model: leave-details.js from D:\fullstack-erp-app\backend\models\HR
Loading model: leave-master.js from D:\fullstack-erp-app\backend\models\HR
Loading model: leave-position.js from D:\fullstack-erp-app\backend\models\HR
Loading model: muster-roll-summary.js from D:\fullstack-erp-app\backend\models\HR
Loading model: notification.js from D:\fullstack-erp-app\backend\models\HR
Loading model: onduty.js from D:\fullstack-erp-app\backend\models\HR
Loading model: payslip.js from D:\fullstack-erp-app\backend\models\HR
Loading model: profile-update-request.js from D:\fullstack-erp-app\backend\models\HR
Loading model: salary-register.js from D:\fullstack-erp-app\backend\models\HR
Loading model: shift-change.js from D:\fullstack-erp-app\backend\models\HR
Loading model: shift-master.js from D:\fullstack-erp-app\backend\models\HR
Loading model: shift-shedule.js from D:\fullstack-erp-app\backend\models\HR
Loading model: tour-application.js from D:\fullstack-erp-app\backend\models\HR
Loading model: woff-application.js from D:\fullstack-erp-app\backend\models\HR
Loading model: User.js from D:\fullstack-erp-app\backend\models
✅ Loaded Models: [
  'AdvanceApplication',   'Attendance',
  'CompanySettings',      'EmpExperience',
  'ExtOt',                'EmpFamily',
  'EmpOfficial',          'EmpQualification',
  'EmpSalary',            'EmployeeMaster',
  'ESILeaveApplication',  'GAttendance',
  'Holiday',              'LeaveApplication',
  'LeaveApproval',        'LeaveDetails',
  'LeaveMaster',          'LeavePosition',
  'MusterRollSummary',    'Notification',
  'OnDutyApplication',    'Payslip',
  'ProfileUpdateRequest', 'SalaryRegister',
  'ShiftChange',          'ShiftMaster',
  'ShiftSchedule',        'TourApplication',
  'WoffApplication',      'User'
]
Epoch 1 loss 0.06402178604029675 time 1ms
Epoch 2 loss 0.04525990596606691 time 1ms
Epoch 3 loss 0.030755728916334463 time 1ms
Epoch 4 loss 0.021548340062603862 time 0ms
Epoch 5 loss 0.015679484366090596 time 0ms
Epoch 6 loss 0.011815247388082347 time 1ms
Epoch 7 loss 0.009136496879800735 time 0ms
Epoch 8 loss 0.0071986615797460215 time 1ms
Epoch 9 loss 0.005823836070201345 time 0ms
Epoch 10 loss 0.004800008948745349 time 0ms
Epoch 11 loss 0.00402076109185262 time 0ms
Epoch 12 loss 0.003413296221530092 time 0ms
Epoch 13 loss 0.0029325853960268976 time 0ms
Epoch 14 loss 0.002547779585915684 time 0ms
Epoch 15 loss 0.002234235548774228 time 0ms
Epoch 16 loss 0.0019776608935291274 time 0ms
Epoch 17 loss 0.0017640422892897104 time 0ms
Epoch 18 loss 0.001584337720048093 time 0ms
Epoch 19 loss 0.0014322062882954323 time 0ms
Epoch 20 loss 0.001301922924746859 time 0ms
Epoch 21 loss 0.0011887213635237864 time 0ms
Epoch 22 loss 0.0010912419418241666 time 0ms
Epoch 23 loss 0.0010055739895013915 time 0ms
Epoch 24 loss 0.0009297701424919667 time 0ms
Epoch 25 loss 0.0008618785891546495 time 0ms
Epoch 26 loss 0.000801453422703076 time 1ms
Epoch 27 loss 0.0007468340523005694 time 0ms
Epoch 28 loss 0.0006975384054778059 time 0ms
Epoch 29 loss 0.0006526220990073652 time 0ms
Epoch 30 loss 0.0006114955926263359 time 0ms
Epoch 31 loss 0.0005737173399060799 time 1ms
Epoch 32 loss 0.0005389013435334327 time 0ms
Epoch 33 loss 0.0005067179673662951 time 0ms
Epoch 34 loss 0.0004768877007804482 time 0ms
Epoch 35 loss 0.00044917351944692105 time 0ms
Epoch 36 loss 0.00042337191189629656 time 0ms
Epoch 37 loss 0.00039930700411607234 time 0ms
Epoch 38 loss 0.0003768255314550257 time 0ms
Epoch 39 loss 0.0003557933558634081 time 0ms
Epoch 40 loss 0.00033609264453243076 time 0ms
Epoch 41 loss 0.00031761786462386867 time 0ms
Epoch 42 loss 0.00030028462310543617 time 0ms
Epoch 43 loss 0.0002839687853091267 time 0ms
Epoch 44 loss 0.00026865983427290204 time 0ms
Epoch 45 loss 0.00025424035262751625 time 0ms
Epoch 46 loss 0.0002406652026161936 time 0ms
Epoch 47 loss 0.00022788186471303567 time 0ms
Epoch 48 loss 0.0002158307448828981 time 0ms
Epoch 49 loss 0.000204460976460613 time 0ms
Epoch 50 loss 0.00019372935660430656 time 0ms
Epoch 51 loss 0.00018359684880954398 time 0ms
Epoch 52 loss 0.0001740271978262547 time 0ms
Epoch 53 loss 0.00016498649846272888 time 0ms
Epoch 54 loss 0.00015644297990580395 time 0ms
Epoch 55 loss 0.00014836690615271407 time 0ms
Epoch 56 loss 0.0001407307993757067 time 0ms
Epoch 57 loss 0.00013350863381310149 time 0ms
Epoch 58 loss 0.0001266762484118891 time 0ms
Epoch 59 loss 0.00012021115530727624 time 0ms
Epoch 60 loss 0.00011409226621126087 time 0ms
Epoch 61 loss 0.00010829976661261871 time 0ms
Epoch 62 loss 0.00010281511984030491 time 0ms
Epoch 63 loss 0.00009762104665569959 time 0ms
Epoch 64 loss 0.00009270120114052644 time 0ms
Epoch 65 loss 0.00008804025155375826 time 0ms
Epoch 66 loss 0.00008362389371295733 time 0ms
Epoch 67 loss 0.00007943855987091561 time 0ms
Epoch 68 loss 0.00007547149018420973 time 0ms
Epoch 69 loss 0.00007171082668204591 time 0ms
Epoch 70 loss 0.0000681452090754268 time 0ms
Epoch 71 loss 0.00006476405026916647 time 0ms
Epoch 72 loss 0.00006155736777229506 time 0ms
Epoch 73 loss 0.000058515682356776054 time 0ms
Epoch 74 loss 0.00005563019439517108 time 0ms
Epoch 75 loss 0.00005289248789251431 time 0ms
Epoch 76 loss 0.00005029462622272078 time 0ms
Epoch 77 loss 0.00004782917963487287 time 0ms
✅ Local AI (NLP.js) trained and ready.
✅ Connected to development database (HR)
Executing (default): SELECT 1+1 AS result
✅ Connected to development database (ERP)
✅ HR database synced.
Executing (default): SELECT table_name FROM information_schema.tables WHERE table_schema = 'public' AND table_name = 'm_supplier_master'
Executing (default): SELECT pk.constraint_type as "Constraint",c.column_name as "Field", c.column_default as "Default",c.is_nullable as "Null", (CASE WHEN c.udt_name = 'hstore' THEN c.udt_name ELSE c.data_type END) || (CASE WHEN c.character_maximum_length IS NOT NULL THEN '(' || c.character_maximum_length || ')' ELSE '' END) as "Type", (SELECT array_agg(e.enumlabel) FROM pg_catalog.pg_type t JOIN pg_catalog.pg_enum e ON t.oid=e.enumtypid WHERE t.typname=c.udt_name) AS "special", (SELECT pgd.description FROM pg_catalog.pg_statio_all_tables AS st INNER JOIN pg_catalog.pg_description pgd on (pgd.objoid=st.relid) WHERE c.ordinal_position=pgd.objsubid AND c.table_name=st.relname) AS "Comment" FROM information_schema.columns c LEFT JOIN (SELECT tc.table_schema, tc.table_name, cu.column_name, tc.constraint_type FROM information_schema.TABLE_CONSTRAINTS tc JOIN information_schema.KEY_COLUMN_USAGE  cu ON tc.table_schema=cu.table_schema and tc.table_name=cu.table_name and tc.constraint_name=cu.constraint_name and tc.constraint_type='PRIMARY KEY') pk ON pk.table_schema=c.table_schema AND pk.table_name=c.table_name AND pk.column_name=c.column_name WHERE c.table_name = 'm_supplier_master' AND c.table_schema = 'public'
Executing (default): SELECT DISTINCT tc.constraint_name as constraint_name, tc.constraint_schema as constraint_schema, tc.constraint_catalog as constraint_catalog, tc.table_name as table_name,tc.table_schema as table_schema,tc.table_catalog as table_catalog,tc.initially_deferred as initially_deferred,tc.is_deferrable as is_deferrable,kcu.column_name as column_name,ccu.table_schema  AS referenced_table_schema,ccu.table_catalog  AS referenced_table_catalog,ccu.table_name  AS referenced_table_name,ccu.column_name AS referenced_column_name FROM information_schema.table_constraints AS tc JOIN information_schema.key_column_usage AS kcu ON tc.constraint_name = kcu.constraint_name JOIN information_schema.constraint_column_usage AS ccu ON ccu.constraint_name = tc.constraint_name WHERE constraint_type = 'FOREIGN KEY' AND tc.table_name = 'm_supplier_master' AND tc.table_catalog = 'hrdb'
Executing (default): ALTER TABLE "m_supplier_master" ALTER COLUMN "supplier_code" SET NOT NULL;ALTER TABLE "m_supplier_master" ALTER COLUMN "supplier_code" DROP DEFAULT;ALTER TABLE "m_supplier_master"  ADD UNIQUE ("supplier_code");ALTER TABLE "m_supplier_master" ALTER COLUMN "supplier_code" TYPE VARCHAR(50)  ;
Executing (default): ALTER TABLE "m_supplier_master" ALTER COLUMN "supplier_name" SET NOT NULL;ALTER TABLE "m_supplier_master" ALTER COLUMN "supplier_name" DROP DEFAULT;ALTER TABLE "m_supplier_master" ALTER COLUMN "supplier_name" TYPE VARCHAR(200);
Executing (default): ALTER TABLE "m_supplier_master" ALTER COLUMN "contact_person" DROP NOT NULL;ALTER TABLE "m_supplier_master" ALTER COLUMN "contact_person" DROP DEFAULT;ALTER TABLE "m_supplier_master" ALTER COLUMN "contact_person" TYPE VARCHAR(100);
Executing (default): ALTER TABLE "m_supplier_master" ALTER COLUMN "email" DROP NOT NULL;ALTER TABLE "m_supplier_master" ALTER COLUMN "email" DROP DEFAULT;ALTER TABLE "m_supplier_master" ALTER COLUMN "email" TYPE VARCHAR(100);
Executing (default): ALTER TABLE "m_supplier_master" ALTER COLUMN "phone" DROP NOT NULL;ALTER TABLE "m_supplier_master" ALTER COLUMN "phone" DROP DEFAULT;ALTER TABLE "m_supplier_master" ALTER COLUMN "phone" TYPE VARCHAR(20);
Executing (default): ALTER TABLE "m_supplier_master" ALTER COLUMN "mobile" DROP NOT NULL;ALTER TABLE "m_supplier_master" ALTER COLUMN "mobile" DROP DEFAULT;ALTER TABLE "m_supplier_master" ALTER COLUMN "mobile" TYPE VARCHAR(20);
Executing (default): ALTER TABLE "m_supplier_master" ALTER COLUMN "address_line1" DROP NOT NULL;ALTER TABLE "m_supplier_master" ALTER COLUMN "address_line1" DROP DEFAULT;ALTER TABLE "m_supplier_master" ALTER COLUMN "address_line1" TYPE VARCHAR(255);
Executing (default): ALTER TABLE "m_supplier_master" ALTER COLUMN "address_line2" DROP NOT NULL;ALTER TABLE "m_supplier_master" ALTER COLUMN "address_line2" DROP DEFAULT;ALTER TABLE "m_supplier_master" ALTER COLUMN "address_line2" TYPE VARCHAR(255);
Executing (default): ALTER TABLE "m_supplier_master" ALTER COLUMN "city" DROP NOT NULL;ALTER TABLE "m_supplier_master" ALTER COLUMN "city" DROP DEFAULT;ALTER TABLE "m_supplier_master" ALTER COLUMN "city" TYPE VARCHAR(100);
Executing (default): ALTER TABLE "m_supplier_master" ALTER COLUMN "state" DROP NOT NULL;ALTER TABLE "m_supplier_master" ALTER COLUMN "state" DROP DEFAULT;ALTER TABLE "m_supplier_master" ALTER COLUMN "state" TYPE VARCHAR(100);
Executing (default): ALTER TABLE "m_supplier_master" ALTER COLUMN "pincode" DROP NOT NULL;ALTER TABLE "m_supplier_master" ALTER COLUMN "pincode" DROP DEFAULT;ALTER TABLE "m_supplier_master" ALTER COLUMN "pincode" TYPE VARCHAR(10);
Executing (default): ALTER TABLE "m_supplier_master" ALTER COLUMN "gstin" DROP NOT NULL;ALTER TABLE "m_supplier_master" ALTER COLUMN "gstin" DROP DEFAULT;ALTER TABLE "m_supplier_master" ALTER COLUMN "gstin" TYPE VARCHAR(15);
Executing (default): ALTER TABLE "m_supplier_master" ALTER COLUMN "pan_no" DROP NOT NULL;ALTER TABLE "m_supplier_master" ALTER COLUMN "pan_no" DROP DEFAULT;ALTER TABLE "m_supplier_master" ALTER COLUMN "pan_no" TYPE VARCHAR(10);
Executing (default): ALTER TABLE "m_supplier_master" ALTER COLUMN "payment_terms" DROP NOT NULL;ALTER TABLE "m_supplier_master" ALTER COLUMN "payment_terms" DROP DEFAULT;ALTER TABLE "m_supplier_master" ALTER COLUMN "payment_terms" TYPE VARCHAR(50);
Executing (default): ALTER TABLE "m_supplier_master" ALTER COLUMN "is_active" DROP NOT NULL;ALTER TABLE "m_supplier_master" ALTER COLUMN "is_active" SET DEFAULT true;ALTER TABLE "m_supplier_master" ALTER COLUMN "is_active" TYPE BOOLEAN;
Executing (default): ALTER TABLE "m_supplier_master" ALTER COLUMN "created_at" DROP NOT NULL;ALTER TABLE "m_supplier_master" ALTER COLUMN "created_at" DROP DEFAULT;ALTER TABLE "m_supplier_master" ALTER COLUMN "created_at" TYPE TIMESTAMP WITH TIME ZONE;
Executing (default): ALTER TABLE "m_supplier_master" ALTER COLUMN "updated_at" DROP NOT NULL;ALTER TABLE "m_supplier_master" ALTER COLUMN "updated_at" DROP DEFAULT;ALTER TABLE "m_supplier_master" ALTER COLUMN "updated_at" TYPE TIMESTAMP WITH TIME ZONE;
Executing (default): SELECT i.relname AS name, ix.indisprimary AS primary, ix.indisunique AS unique, ix.indkey AS indkey, array_agg(a.attnum) as column_indexes, array_agg(a.attname) AS column_names, pg_get_indexdef(ix.indexrelid) AS definition FROM pg_class t, pg_class i, pg_index ix, pg_attribute a WHERE t.oid = ix.indrelid AND i.oid = ix.indexrelid AND a.attrelid = t.oid AND t.relkind = 'r' and t.relname = 'm_supplier_master' GROUP BY i.relname, ix.indexrelid, ix.indisprimary, ix.indisunique, ix.indkey ORDER BY i.relname;
Executing (default): SELECT table_name FROM information_schema.tables WHERE table_schema = 'public' AND table_name = 'm_purchase_order'
Executing (default): SELECT pk.constraint_type as "Constraint",c.column_name as "Field", c.column_default as "Default",c.is_nullable as "Null", (CASE WHEN c.udt_name = 'hstore' THEN c.udt_name ELSE c.data_type END) || (CASE WHEN c.character_maximum_length IS NOT NULL THEN '(' || c.character_maximum_length || ')' ELSE '' END) as "Type", (SELECT array_agg(e.enumlabel) FROM pg_catalog.pg_type t JOIN pg_catalog.pg_enum e ON t.oid=e.enumtypid WHERE t.typname=c.udt_name) AS "special", (SELECT pgd.description FROM pg_catalog.pg_statio_all_tables AS st INNER JOIN pg_catalog.pg_description pgd on (pgd.objoid=st.relid) WHERE c.ordinal_position=pgd.objsubid AND c.table_name=st.relname) AS "Comment" FROM information_schema.columns c LEFT JOIN (SELECT tc.table_schema, tc.table_name, cu.column_name, tc.constraint_type FROM information_schema.TABLE_CONSTRAINTS tc JOIN information_schema.KEY_COLUMN_USAGE  cu ON tc.table_schema=cu.table_schema and tc.table_name=cu.table_name and tc.constraint_name=cu.constraint_name and tc.constraint_type='PRIMARY KEY') pk ON pk.table_schema=c.table_schema AND pk.table_name=c.table_name AND pk.column_name=c.column_name WHERE c.table_name = 'm_purchase_order' AND c.table_schema = 'public'
Executing (default): SELECT DISTINCT tc.constraint_name as constraint_name, tc.constraint_schema as constraint_schema, tc.constraint_catalog as constraint_catalog, tc.table_name as table_name,tc.table_schema as table_schema,tc.table_catalog as table_catalog,tc.initially_deferred as initially_deferred,tc.is_deferrable as is_deferrable,kcu.column_name as column_name,ccu.table_schema  AS referenced_table_schema,ccu.table_catalog  AS referenced_table_catalog,ccu.table_name  AS referenced_table_name,ccu.column_name AS referenced_column_name FROM information_schema.table_constraints AS tc JOIN information_schema.key_column_usage AS kcu ON tc.constraint_name = kcu.constraint_name JOIN information_schema.constraint_column_usage AS ccu ON ccu.constraint_name = tc.constraint_name WHERE constraint_type = 'FOREIGN KEY' AND tc.table_name = 'm_purchase_order' AND tc.table_catalog = 'hrdb'
Executing (default): ALTER TABLE "m_purchase_order" ALTER COLUMN "po_no" SET NOT NULL;ALTER TABLE "m_purchase_order" ALTER COLUMN "po_no" DROP DEFAULT;ALTER TABLE "m_purchase_order"  ADD UNIQUE ("po_no");ALTER TABLE "m_purchase_order" ALTER COLUMN "po_no" TYPE VARCHAR(50)  ;
Executing (default): ALTER TABLE "m_purchase_order" ALTER COLUMN "po_date" SET NOT NULL;ALTER TABLE "m_purchase_order" ALTER COLUMN "po_date" DROP DEFAULT;ALTER TABLE "m_purchase_order" ALTER COLUMN "po_date" TYPE DATE;
Executing (default): ALTER TABLE "m_purchase_order" DROP CONSTRAINT "m_purchase_order_supplier_id_fkey"
Executing (default): ALTER TABLE "m_purchase_order" ALTER COLUMN "supplier_id" SET NOT NULL;ALTER TABLE "m_purchase_order"  ADD FOREIGN KEY ("supplier_id") REFERENCES "m_supplier_master" ("id") ON DELETE NO ACTION ON UPDATE CASCADE;
Executing (default): ALTER TABLE "m_purchase_order" ALTER COLUMN "requisition_id" DROP NOT NULL;ALTER TABLE "m_purchase_order" ALTER COLUMN "requisition_id" DROP DEFAULT;ALTER TABLE "m_purchase_order" ALTER COLUMN "requisition_id" TYPE INTEGER;
Executing (default): ALTER TABLE "m_purchase_order" ALTER COLUMN "status" DROP NOT NULL;ALTER TABLE "m_purchase_order" ALTER COLUMN "status" SET DEFAULT 'Draft';ALTER TABLE "m_purchase_order" ALTER COLUMN "status" TYPE VARCHAR(30);
Executing (default): ALTER TABLE "m_purchase_order" ALTER COLUMN "payment_terms" DROP NOT NULL;ALTER TABLE "m_purchase_order" ALTER COLUMN "payment_terms" DROP DEFAULT;ALTER TABLE "m_purchase_order" ALTER COLUMN "payment_terms" TYPE VARCHAR(100);
Executing (default): ALTER TABLE "m_purchase_order" ALTER COLUMN "delivery_terms" DROP NOT NULL;ALTER TABLE "m_purchase_order" ALTER COLUMN "delivery_terms" DROP DEFAULT;ALTER TABLE "m_purchase_order" ALTER COLUMN "delivery_terms" TYPE TEXT;
Executing (default): ALTER TABLE "m_purchase_order" ALTER COLUMN "subtotal" DROP NOT NULL;ALTER TABLE "m_purchase_order" ALTER COLUMN "subtotal" SET DEFAULT 0;ALTER TABLE "m_purchase_order" ALTER COLUMN "subtotal" TYPE DECIMAL(14,2);
Executing (default): ALTER TABLE "m_purchase_order" ALTER COLUMN "discount_percent" DROP NOT NULL;ALTER TABLE "m_purchase_order" ALTER COLUMN "discount_percent" SET DEFAULT 0;ALTER TABLE "m_purchase_order" ALTER COLUMN "discount_percent" TYPE DECIMAL(5,2);
Executing (default): ALTER TABLE "m_purchase_order" ALTER COLUMN "discount_amount" DROP NOT NULL;ALTER TABLE "m_purchase_order" ALTER COLUMN "discount_amount" SET DEFAULT 0;ALTER TABLE "m_purchase_order" ALTER COLUMN "discount_amount" TYPE DECIMAL(14,2);
Executing (default): ALTER TABLE "m_purchase_order" ALTER COLUMN "tax_amount" DROP NOT NULL;ALTER TABLE "m_purchase_order" ALTER COLUMN "tax_amount" SET DEFAULT 0;ALTER TABLE "m_purchase_order" ALTER COLUMN "tax_amount" TYPE DECIMAL(14,2);
Executing (default): ALTER TABLE "m_purchase_order" ALTER COLUMN "grand_total" DROP NOT NULL;ALTER TABLE "m_purchase_order" ALTER COLUMN "grand_total" SET DEFAULT 0;ALTER TABLE "m_purchase_order" ALTER COLUMN "grand_total" TYPE DECIMAL(14,2);
Executing (default): ALTER TABLE "m_purchase_order" ALTER COLUMN "currency" DROP NOT NULL;ALTER TABLE "m_purchase_order" ALTER COLUMN "currency" SET DEFAULT 'INR';ALTER TABLE "m_purchase_order" ALTER COLUMN "currency" TYPE VARCHAR(10);
Executing (default): ALTER TABLE "m_purchase_order" ALTER COLUMN "notes" DROP NOT NULL;ALTER TABLE "m_purchase_order" ALTER COLUMN "notes" DROP DEFAULT;ALTER TABLE "m_purchase_order" ALTER COLUMN "notes" TYPE TEXT;
Executing (default): ALTER TABLE "m_purchase_order" ALTER COLUMN "approved_by" DROP NOT NULL;ALTER TABLE "m_purchase_order" ALTER COLUMN "approved_by" DROP DEFAULT;ALTER TABLE "m_purchase_order" ALTER COLUMN "approved_by" TYPE VARCHAR(100);
Executing (default): ALTER TABLE "m_purchase_order" ALTER COLUMN "approved_date" DROP NOT NULL;ALTER TABLE "m_purchase_order" ALTER COLUMN "approved_date" DROP DEFAULT;ALTER TABLE "m_purchase_order" ALTER COLUMN "approved_date" TYPE TIMESTAMP WITH TIME ZONE;
Executing (default): ALTER TABLE "m_purchase_order" ALTER COLUMN "created_at" DROP NOT NULL;ALTER TABLE "m_purchase_order" ALTER COLUMN "created_at" DROP DEFAULT;ALTER TABLE "m_purchase_order" ALTER COLUMN "created_at" TYPE TIMESTAMP WITH TIME ZONE;
Executing (default): ALTER TABLE "m_purchase_order" ALTER COLUMN "updated_at" DROP NOT NULL;ALTER TABLE "m_purchase_order" ALTER COLUMN "updated_at" DROP DEFAULT;ALTER TABLE "m_purchase_order" ALTER COLUMN "updated_at" TYPE TIMESTAMP WITH TIME ZONE;
Executing (default): SELECT i.relname AS name, ix.indisprimary AS primary, ix.indisunique AS unique, ix.indkey AS indkey, array_agg(a.attnum) as column_indexes, array_agg(a.attname) AS column_names, pg_get_indexdef(ix.indexrelid) AS definition FROM pg_class t, pg_class i, pg_index ix, pg_attribute a WHERE t.oid = ix.indrelid AND i.oid = ix.indexrelid AND a.attrelid = t.oid AND t.relkind = 'r' and t.relname = 'm_purchase_order' GROUP BY i.relname, ix.indexrelid, ix.indisprimary, ix.indisunique, ix.indkey ORDER BY i.relname;
Executing (default): SELECT table_name FROM information_schema.tables WHERE table_schema = 'public' AND table_name = 'm_grn'
Executing (default): SELECT pk.constraint_type as "Constraint",c.column_name as "Field", c.column_default as "Default",c.is_nullable as "Null", (CASE WHEN c.udt_name = 'hstore' THEN c.udt_name ELSE c.data_type END) || (CASE WHEN c.character_maximum_length IS NOT NULL THEN '(' || c.character_maximum_length || ')' ELSE '' END) as "Type", (SELECT array_agg(e.enumlabel) FROM pg_catalog.pg_type t JOIN pg_catalog.pg_enum e ON t.oid=e.enumtypid WHERE t.typname=c.udt_name) AS "special", (SELECT pgd.description FROM pg_catalog.pg_statio_all_tables AS st INNER JOIN pg_catalog.pg_description pgd on (pgd.objoid=st.relid) WHERE c.ordinal_position=pgd.objsubid AND c.table_name=st.relname) AS "Comment" FROM information_schema.columns c LEFT JOIN (SELECT tc.table_schema, tc.table_name, cu.column_name, tc.constraint_type FROM information_schema.TABLE_CONSTRAINTS tc JOIN information_schema.KEY_COLUMN_USAGE  cu ON tc.table_schema=cu.table_schema and tc.table_name=cu.table_name and tc.constraint_name=cu.constraint_name and tc.constraint_type='PRIMARY KEY') pk ON pk.table_schema=c.table_schema AND pk.table_name=c.table_name AND pk.column_name=c.column_name WHERE c.table_name = 'm_grn' AND c.table_schema = 'public'
Executing (default): SELECT DISTINCT tc.constraint_name as constraint_name, tc.constraint_schema as constraint_schema, tc.constraint_catalog as constraint_catalog, tc.table_name as table_name,tc.table_schema as table_schema,tc.table_catalog as table_catalog,tc.initially_deferred as initially_deferred,tc.is_deferrable as is_deferrable,kcu.column_name as column_name,ccu.table_schema  AS referenced_table_schema,ccu.table_catalog  AS referenced_table_catalog,ccu.table_name  AS referenced_table_name,ccu.column_name AS referenced_column_name FROM information_schema.table_constraints AS tc JOIN information_schema.key_column_usage AS kcu ON tc.constraint_name = kcu.constraint_name JOIN information_schema.constraint_column_usage AS ccu ON ccu.constraint_name = tc.constraint_name WHERE constraint_type = 'FOREIGN KEY' AND tc.table_name = 'm_grn' AND tc.table_catalog = 'hrdb'
Executing (default): ALTER TABLE "m_grn" ALTER COLUMN "grn_no" SET NOT NULL;ALTER TABLE "m_grn" ALTER COLUMN "grn_no" DROP DEFAULT;ALTER TABLE "m_grn"  ADD UNIQUE ("grn_no");ALTER TABLE "m_grn" ALTER COLUMN "grn_no" TYPE VARCHAR(50)  ;
Executing (default): ALTER TABLE "m_grn" ALTER COLUMN "grn_date" SET NOT NULL;ALTER TABLE "m_grn" ALTER COLUMN "grn_date" DROP DEFAULT;ALTER TABLE "m_grn" ALTER COLUMN "grn_date" TYPE DATE;
Executing (default): ALTER TABLE "m_grn" DROP CONSTRAINT "m_grn_po_id_fkey"
Executing (default): ALTER TABLE "m_grn" ALTER COLUMN "po_id" SET NOT NULL;ALTER TABLE "m_grn"  ADD FOREIGN KEY ("po_id") REFERENCES "m_purchase_order" ("id") ON DELETE NO ACTION ON UPDATE CASCADE;
Executing (default): ALTER TABLE "m_grn" DROP CONSTRAINT "m_grn_supplier_id_fkey"
Executing (default): ALTER TABLE "m_grn" ALTER COLUMN "supplier_id" SET NOT NULL;ALTER TABLE "m_grn"  ADD FOREIGN KEY ("supplier_id") REFERENCES "m_supplier_master" ("id") ON DELETE NO ACTION ON UPDATE CASCADE;
Executing (default): ALTER TABLE "m_grn" ALTER COLUMN "invoice_no" DROP NOT NULL;ALTER TABLE "m_grn" ALTER COLUMN "invoice_no" DROP DEFAULT;ALTER TABLE "m_grn" ALTER COLUMN "invoice_no" TYPE VARCHAR(50);
Executing (default): ALTER TABLE "m_grn" ALTER COLUMN "invoice_date" DROP NOT NULL;ALTER TABLE "m_grn" ALTER COLUMN "invoice_date" DROP DEFAULT;ALTER TABLE "m_grn" ALTER COLUMN "invoice_date" TYPE DATE;
Executing (default): ALTER TABLE "m_grn" ALTER COLUMN "gate_entry_no" DROP NOT NULL;ALTER TABLE "m_grn" ALTER COLUMN "gate_entry_no" DROP DEFAULT;ALTER TABLE "m_grn" ALTER COLUMN "gate_entry_no" TYPE VARCHAR(50);
Executing (default): ALTER TABLE "m_grn" ALTER COLUMN "status" DROP NOT NULL;ALTER TABLE "m_grn" ALTER COLUMN "status" SET DEFAULT 'Received';ALTER TABLE "m_grn" ALTER COLUMN "status" TYPE VARCHAR(30);
Executing (default): ALTER TABLE "m_grn" ALTER COLUMN "received_by" DROP NOT NULL;ALTER TABLE "m_grn" ALTER COLUMN "received_by" DROP DEFAULT;ALTER TABLE "m_grn" ALTER COLUMN "received_by" TYPE VARCHAR(100);
Executing (default): ALTER TABLE "m_grn" ALTER COLUMN "notes" DROP NOT NULL;ALTER TABLE "m_grn" ALTER COLUMN "notes" DROP DEFAULT;ALTER TABLE "m_grn" ALTER COLUMN "notes" TYPE TEXT;
Executing (default): ALTER TABLE "m_grn" ALTER COLUMN "created_at" DROP NOT NULL;ALTER TABLE "m_grn" ALTER COLUMN "created_at" DROP DEFAULT;ALTER TABLE "m_grn" ALTER COLUMN "created_at" TYPE TIMESTAMP WITH TIME ZONE;
Executing (default): ALTER TABLE "m_grn" ALTER COLUMN "updated_at" DROP NOT NULL;ALTER TABLE "m_grn" ALTER COLUMN "updated_at" DROP DEFAULT;ALTER TABLE "m_grn" ALTER COLUMN "updated_at" TYPE TIMESTAMP WITH TIME ZONE;
Executing (default): SELECT i.relname AS name, ix.indisprimary AS primary, ix.indisunique AS unique, ix.indkey AS indkey, array_agg(a.attnum) as column_indexes, array_agg(a.attname) AS column_names, pg_get_indexdef(ix.indexrelid) AS definition FROM pg_class t, pg_class i, pg_index ix, pg_attribute a WHERE t.oid = ix.indrelid AND i.oid = ix.indexrelid AND a.attrelid = t.oid AND t.relkind = 'r' and t.relname = 'm_grn' GROUP BY i.relname, ix.indexrelid, ix.indisprimary, ix.indisunique, ix.indkey ORDER BY i.relname;
Executing (default): SELECT table_name FROM information_schema.tables WHERE table_schema = 'public' AND table_name = 'm_grn_item'
Executing (default): SELECT pk.constraint_type as "Constraint",c.column_name as "Field", c.column_default as "Default",c.is_nullable as "Null", (CASE WHEN c.udt_name = 'hstore' THEN c.udt_name ELSE c.data_type END) || (CASE WHEN c.character_maximum_length IS NOT NULL THEN '(' || c.character_maximum_length || ')' ELSE '' END) as "Type", (SELECT array_agg(e.enumlabel) FROM pg_catalog.pg_type t JOIN pg_catalog.pg_enum e ON t.oid=e.enumtypid WHERE t.typname=c.udt_name) AS "special", (SELECT pgd.description FROM pg_catalog.pg_statio_all_tables AS st INNER JOIN pg_catalog.pg_description pgd on (pgd.objoid=st.relid) WHERE c.ordinal_position=pgd.objsubid AND c.table_name=st.relname) AS "Comment" FROM information_schema.columns c LEFT JOIN (SELECT tc.table_schema, tc.table_name, cu.column_name, tc.constraint_type FROM information_schema.TABLE_CONSTRAINTS tc JOIN information_schema.KEY_COLUMN_USAGE  cu ON tc.table_schema=cu.table_schema and tc.table_name=cu.table_name and tc.constraint_name=cu.constraint_name and tc.constraint_type='PRIMARY KEY') pk ON pk.table_schema=c.table_schema AND pk.table_name=c.table_name AND pk.column_name=c.column_name WHERE c.table_name = 'm_grn_item' AND c.table_schema = 'public'
Executing (default): SELECT DISTINCT tc.constraint_name as constraint_name, tc.constraint_schema as constraint_schema, tc.constraint_catalog as constraint_catalog, tc.table_name as table_name,tc.table_schema as table_schema,tc.table_catalog as table_catalog,tc.initially_deferred as initially_deferred,tc.is_deferrable as is_deferrable,kcu.column_name as column_name,ccu.table_schema  AS referenced_table_schema,ccu.table_catalog  AS referenced_table_catalog,ccu.table_name  AS referenced_table_name,ccu.column_name AS referenced_column_name FROM information_schema.table_constraints AS tc JOIN information_schema.key_column_usage AS kcu ON tc.constraint_name = kcu.constraint_name JOIN information_schema.constraint_column_usage AS ccu ON ccu.constraint_name = tc.constraint_name WHERE constraint_type = 'FOREIGN KEY' AND tc.table_name = 'm_grn_item' AND tc.table_catalog = 'hrdb'
Executing (default): ALTER TABLE "m_grn_item" DROP CONSTRAINT "m_grn_item_grn_id_fkey"
Executing (default): ALTER TABLE "m_grn_item" ALTER COLUMN "grn_id" SET NOT NULL;ALTER TABLE "m_grn_item"  ADD FOREIGN KEY ("grn_id") REFERENCES "m_grn" ("id") ON DELETE CASCADE ON UPDATE CASCADE;
Executing (default): ALTER TABLE "m_grn_item" ALTER COLUMN "po_item_id" DROP NOT NULL;ALTER TABLE "m_grn_item" ALTER COLUMN "po_item_id" DROP DEFAULT;ALTER TABLE "m_grn_item" ALTER COLUMN "po_item_id" TYPE INTEGER;
Executing (default): ALTER TABLE "m_grn_item" ALTER COLUMN "item_id" DROP NOT NULL;ALTER TABLE "m_grn_item" ALTER COLUMN "item_id" DROP DEFAULT;ALTER TABLE "m_grn_item" ALTER COLUMN "item_id" TYPE INTEGER;
Executing (default): ALTER TABLE "m_grn_item" ALTER COLUMN "item_code" DROP NOT NULL;ALTER TABLE "m_grn_item" ALTER COLUMN "item_code" DROP DEFAULT;ALTER TABLE "m_grn_item" ALTER COLUMN "item_code" TYPE VARCHAR(50);
Executing (default): ALTER TABLE "m_grn_item" ALTER COLUMN "item_name" SET NOT NULL;ALTER TABLE "m_grn_item" ALTER COLUMN "item_name" DROP DEFAULT;ALTER TABLE "m_grn_item" ALTER COLUMN "item_name" TYPE VARCHAR(200);
Executing (default): ALTER TABLE "m_grn_item" ALTER COLUMN "ordered_qty" DROP NOT NULL;ALTER TABLE "m_grn_item" ALTER COLUMN "ordered_qty" SET DEFAULT 0;ALTER TABLE "m_grn_item" ALTER COLUMN "ordered_qty" TYPE DECIMAL(12,2);
Executing (default): ALTER TABLE "m_grn_item" ALTER COLUMN "received_qty" DROP NOT NULL;ALTER TABLE "m_grn_item" ALTER COLUMN "received_qty" SET DEFAULT 0;ALTER TABLE "m_grn_item" ALTER COLUMN "received_qty" TYPE DECIMAL(12,2);
Executing (default): ALTER TABLE "m_grn_item" ALTER COLUMN "accepted_qty" DROP NOT NULL;ALTER TABLE "m_grn_item" ALTER COLUMN "accepted_qty" SET DEFAULT 0;ALTER TABLE "m_grn_item" ALTER COLUMN "accepted_qty" TYPE DECIMAL(12,2);
Executing (default): ALTER TABLE "m_grn_item" ALTER COLUMN "rejected_qty" DROP NOT NULL;ALTER TABLE "m_grn_item" ALTER COLUMN "rejected_qty" SET DEFAULT 0;ALTER TABLE "m_grn_item" ALTER COLUMN "rejected_qty" TYPE DECIMAL(12,2);
Executing (default): ALTER TABLE "m_grn_item" ALTER COLUMN "reject_reason" DROP NOT NULL;ALTER TABLE "m_grn_item" ALTER COLUMN "reject_reason" DROP DEFAULT;ALTER TABLE "m_grn_item" ALTER COLUMN "reject_reason" TYPE TEXT;
Executing (default): ALTER TABLE "m_grn_item" ALTER COLUMN "rate" DROP NOT NULL;ALTER TABLE "m_grn_item" ALTER COLUMN "rate" SET DEFAULT 0;ALTER TABLE "m_grn_item" ALTER COLUMN "rate" TYPE DECIMAL(14,2);
Executing (default): ALTER TABLE "m_grn_item" ALTER COLUMN "amount" DROP NOT NULL;ALTER TABLE "m_grn_item" ALTER COLUMN "amount" SET DEFAULT 0;ALTER TABLE "m_grn_item" ALTER COLUMN "amount" TYPE DECIMAL(14,2);
Executing (default): SELECT i.relname AS name, ix.indisprimary AS primary, ix.indisunique AS unique, ix.indkey AS indkey, array_agg(a.attnum) as column_indexes, array_agg(a.attname) AS column_names, pg_get_indexdef(ix.indexrelid) AS definition FROM pg_class t, pg_class i, pg_index ix, pg_attribute a WHERE t.oid = ix.indrelid AND i.oid = ix.indexrelid AND a.attrelid = t.oid AND t.relkind = 'r' and t.relname = 'm_grn_item' GROUP BY i.relname, ix.indexrelid, ix.indisprimary, ix.indisunique, ix.indkey ORDER BY i.relname;
Executing (default): SELECT table_name FROM information_schema.tables WHERE table_schema = 'public' AND table_name = 'm_item_category'
Executing (default): SELECT pk.constraint_type as "Constraint",c.column_name as "Field", c.column_default as "Default",c.is_nullable as "Null", (CASE WHEN c.udt_name = 'hstore' THEN c.udt_name ELSE c.data_type END) || (CASE WHEN c.character_maximum_length IS NOT NULL THEN '(' || c.character_maximum_length || ')' ELSE '' END) as "Type", (SELECT array_agg(e.enumlabel) FROM pg_catalog.pg_type t JOIN pg_catalog.pg_enum e ON t.oid=e.enumtypid WHERE t.typname=c.udt_name) AS "special", (SELECT pgd.description FROM pg_catalog.pg_statio_all_tables AS st INNER JOIN pg_catalog.pg_description pgd on (pgd.objoid=st.relid) WHERE c.ordinal_position=pgd.objsubid AND c.table_name=st.relname) AS "Comment" FROM information_schema.columns c LEFT JOIN (SELECT tc.table_schema, tc.table_name, cu.column_name, tc.constraint_type FROM information_schema.TABLE_CONSTRAINTS tc JOIN information_schema.KEY_COLUMN_USAGE  cu ON tc.table_schema=cu.table_schema and tc.table_name=cu.table_name and tc.constraint_name=cu.constraint_name and tc.constraint_type='PRIMARY KEY') pk ON pk.table_schema=c.table_schema AND pk.table_name=c.table_name AND pk.column_name=c.column_name WHERE c.table_name = 'm_item_category' AND c.table_schema = 'public'
Executing (default): SELECT DISTINCT tc.constraint_name as constraint_name, tc.constraint_schema as constraint_schema, tc.constraint_catalog as constraint_catalog, tc.table_name as table_name,tc.table_schema as table_schema,tc.table_catalog as table_catalog,tc.initially_deferred as initially_deferred,tc.is_deferrable as is_deferrable,kcu.column_name as column_name,ccu.table_schema  AS referenced_table_schema,ccu.table_catalog  AS referenced_table_catalog,ccu.table_name  AS referenced_table_name,ccu.column_name AS referenced_column_name FROM information_schema.table_constraints AS tc JOIN information_schema.key_column_usage AS kcu ON tc.constraint_name = kcu.constraint_name JOIN information_schema.constraint_column_usage AS ccu ON ccu.constraint_name = tc.constraint_name WHERE constraint_type = 'FOREIGN KEY' AND tc.table_name = 'm_item_category' AND tc.table_catalog = 'hrdb'
Executing (default): ALTER TABLE "m_item_category" ALTER COLUMN "name" SET NOT NULL;ALTER TABLE "m_item_category" ALTER COLUMN "name" DROP DEFAULT;ALTER TABLE "m_item_category"  ADD UNIQUE ("name");ALTER TABLE "m_item_category" ALTER COLUMN "name" TYPE VARCHAR(100)  ;
Executing (default): ALTER TABLE "m_item_category" ALTER COLUMN "description" DROP NOT NULL;ALTER TABLE "m_item_category" ALTER COLUMN "description" DROP DEFAULT;ALTER TABLE "m_item_category" ALTER COLUMN "description" TYPE TEXT;
Executing (default): ALTER TABLE "m_item_category" ALTER COLUMN "is_active" DROP NOT NULL;ALTER TABLE "m_item_category" ALTER COLUMN "is_active" SET DEFAULT true;ALTER TABLE "m_item_category" ALTER COLUMN "is_active" TYPE BOOLEAN;
Executing (default): ALTER TABLE "m_item_category" ALTER COLUMN "created_at" DROP NOT NULL;ALTER TABLE "m_item_category" ALTER COLUMN "created_at" DROP DEFAULT;ALTER TABLE "m_item_category" ALTER COLUMN "created_at" TYPE TIMESTAMP WITH TIME ZONE;
Executing (default): ALTER TABLE "m_item_category" ALTER COLUMN "updated_at" DROP NOT NULL;ALTER TABLE "m_item_category" ALTER COLUMN "updated_at" DROP DEFAULT;ALTER TABLE "m_item_category" ALTER COLUMN "updated_at" TYPE TIMESTAMP WITH TIME ZONE;
Executing (default): SELECT i.relname AS name, ix.indisprimary AS primary, ix.indisunique AS unique, ix.indkey AS indkey, array_agg(a.attnum) as column_indexes, array_agg(a.attname) AS column_names, pg_get_indexdef(ix.indexrelid) AS definition FROM pg_class t, pg_class i, pg_index ix, pg_attribute a WHERE t.oid = ix.indrelid AND i.oid = ix.indexrelid AND a.attrelid = t.oid AND t.relkind = 'r' and t.relname = 'm_item_category' GROUP BY i.relname, ix.indexrelid, ix.indisprimary, ix.indisunique, ix.indkey ORDER BY i.relname;
Executing (default): SELECT table_name FROM information_schema.tables WHERE table_schema = 'public' AND table_name = 'm_unit'
Executing (default): SELECT pk.constraint_type as "Constraint",c.column_name as "Field", c.column_default as "Default",c.is_nullable as "Null", (CASE WHEN c.udt_name = 'hstore' THEN c.udt_name ELSE c.data_type END) || (CASE WHEN c.character_maximum_length IS NOT NULL THEN '(' || c.character_maximum_length || ')' ELSE '' END) as "Type", (SELECT array_agg(e.enumlabel) FROM pg_catalog.pg_type t JOIN pg_catalog.pg_enum e ON t.oid=e.enumtypid WHERE t.typname=c.udt_name) AS "special", (SELECT pgd.description FROM pg_catalog.pg_statio_all_tables AS st INNER JOIN pg_catalog.pg_description pgd on (pgd.objoid=st.relid) WHERE c.ordinal_position=pgd.objsubid AND c.table_name=st.relname) AS "Comment" FROM information_schema.columns c LEFT JOIN (SELECT tc.table_schema, tc.table_name, cu.column_name, tc.constraint_type FROM information_schema.TABLE_CONSTRAINTS tc JOIN information_schema.KEY_COLUMN_USAGE  cu ON tc.table_schema=cu.table_schema and tc.table_name=cu.table_name and tc.constraint_name=cu.constraint_name and tc.constraint_type='PRIMARY KEY') pk ON pk.table_schema=c.table_schema AND pk.table_name=c.table_name AND pk.column_name=c.column_name WHERE c.table_name = 'm_unit' AND c.table_schema = 'public'
Executing (default): SELECT DISTINCT tc.constraint_name as constraint_name, tc.constraint_schema as constraint_schema, tc.constraint_catalog as constraint_catalog, tc.table_name as table_name,tc.table_schema as table_schema,tc.table_catalog as table_catalog,tc.initially_deferred as initially_deferred,tc.is_deferrable as is_deferrable,kcu.column_name as column_name,ccu.table_schema  AS referenced_table_schema,ccu.table_catalog  AS referenced_table_catalog,ccu.table_name  AS referenced_table_name,ccu.column_name AS referenced_column_name FROM information_schema.table_constraints AS tc JOIN information_schema.key_column_usage AS kcu ON tc.constraint_name = kcu.constraint_name JOIN information_schema.constraint_column_usage AS ccu ON ccu.constraint_name = tc.constraint_name WHERE constraint_type = 'FOREIGN KEY' AND tc.table_name = 'm_unit' AND tc.table_catalog = 'hrdb'
Executing (default): ALTER TABLE "m_unit" ALTER COLUMN "name" SET NOT NULL;ALTER TABLE "m_unit" ALTER COLUMN "name" DROP DEFAULT;ALTER TABLE "m_unit"  ADD UNIQUE ("name");ALTER TABLE "m_unit" ALTER COLUMN "name" TYPE VARCHAR(50)  ;
Executing (default): ALTER TABLE "m_unit" ALTER COLUMN "short_name" DROP NOT NULL;ALTER TABLE "m_unit" ALTER COLUMN "short_name" DROP DEFAULT;ALTER TABLE "m_unit" ALTER COLUMN "short_name" TYPE VARCHAR(10);
Executing (default): ALTER TABLE "m_unit" ALTER COLUMN "is_active" DROP NOT NULL;ALTER TABLE "m_unit" ALTER COLUMN "is_active" SET DEFAULT true;ALTER TABLE "m_unit" ALTER COLUMN "is_active" TYPE BOOLEAN;
Executing (default): ALTER TABLE "m_unit" ALTER COLUMN "created_at" DROP NOT NULL;ALTER TABLE "m_unit" ALTER COLUMN "created_at" DROP DEFAULT;ALTER TABLE "m_unit" ALTER COLUMN "created_at" TYPE TIMESTAMP WITH TIME ZONE;
Executing (default): ALTER TABLE "m_unit" ALTER COLUMN "updated_at" DROP NOT NULL;ALTER TABLE "m_unit" ALTER COLUMN "updated_at" DROP DEFAULT;ALTER TABLE "m_unit" ALTER COLUMN "updated_at" TYPE TIMESTAMP WITH TIME ZONE;
Executing (default): SELECT i.relname AS name, ix.indisprimary AS primary, ix.indisunique AS unique, ix.indkey AS indkey, array_agg(a.attnum) as column_indexes, array_agg(a.attname) AS column_names, pg_get_indexdef(ix.indexrelid) AS definition FROM pg_class t, pg_class i, pg_index ix, pg_attribute a WHERE t.oid = ix.indrelid AND i.oid = ix.indexrelid AND a.attrelid = t.oid AND t.relkind = 'r' and t.relname = 'm_unit' GROUP BY i.relname, ix.indexrelid, ix.indisprimary, ix.indisunique, ix.indkey ORDER BY i.relname;
Executing (default): SELECT table_name FROM information_schema.tables WHERE table_schema = 'public' AND table_name = 'm_item_master'
Executing (default): SELECT pk.constraint_type as "Constraint",c.column_name as "Field", c.column_default as "Default",c.is_nullable as "Null", (CASE WHEN c.udt_name = 'hstore' THEN c.udt_name ELSE c.data_type END) || (CASE WHEN c.character_maximum_length IS NOT NULL THEN '(' || c.character_maximum_length || ')' ELSE '' END) as "Type", (SELECT array_agg(e.enumlabel) FROM pg_catalog.pg_type t JOIN pg_catalog.pg_enum e ON t.oid=e.enumtypid WHERE t.typname=c.udt_name) AS "special", (SELECT pgd.description FROM pg_catalog.pg_statio_all_tables AS st INNER JOIN pg_catalog.pg_description pgd on (pgd.objoid=st.relid) WHERE c.ordinal_position=pgd.objsubid AND c.table_name=st.relname) AS "Comment" FROM information_schema.columns c LEFT JOIN (SELECT tc.table_schema, tc.table_name, cu.column_name, tc.constraint_type FROM information_schema.TABLE_CONSTRAINTS tc JOIN information_schema.KEY_COLUMN_USAGE  cu ON tc.table_schema=cu.table_schema and tc.table_name=cu.table_name and tc.constraint_name=cu.constraint_name and tc.constraint_type='PRIMARY KEY') pk ON pk.table_schema=c.table_schema AND pk.table_name=c.table_name AND pk.column_name=c.column_name WHERE c.table_name = 'm_item_master' AND c.table_schema = 'public'
Executing (default): SELECT DISTINCT tc.constraint_name as constraint_name, tc.constraint_schema as constraint_schema, tc.constraint_catalog as constraint_catalog, tc.table_name as table_name,tc.table_schema as table_schema,tc.table_catalog as table_catalog,tc.initially_deferred as initially_deferred,tc.is_deferrable as is_deferrable,kcu.column_name as column_name,ccu.table_schema  AS referenced_table_schema,ccu.table_catalog  AS referenced_table_catalog,ccu.table_name  AS referenced_table_name,ccu.column_name AS referenced_column_name FROM information_schema.table_constraints AS tc JOIN information_schema.key_column_usage AS kcu ON tc.constraint_name = kcu.constraint_name JOIN information_schema.constraint_column_usage AS ccu ON ccu.constraint_name = tc.constraint_name WHERE constraint_type = 'FOREIGN KEY' AND tc.table_name = 'm_item_master' AND tc.table_catalog = 'hrdb'
Executing (default): ALTER TABLE "m_item_master" ALTER COLUMN "item_code" SET NOT NULL;ALTER TABLE "m_item_master" ALTER COLUMN "item_code" DROP DEFAULT;ALTER TABLE "m_item_master"  ADD UNIQUE ("item_code");ALTER TABLE "m_item_master" ALTER COLUMN "item_code" TYPE VARCHAR(50)  ;
Executing (default): ALTER TABLE "m_item_master" ALTER COLUMN "item_name" SET NOT NULL;ALTER TABLE "m_item_master" ALTER COLUMN "item_name" DROP DEFAULT;ALTER TABLE "m_item_master" ALTER COLUMN "item_name" TYPE VARCHAR(200);
Executing (default): ALTER TABLE "m_item_master" ALTER COLUMN "item_description" DROP NOT NULL;ALTER TABLE "m_item_master" ALTER COLUMN "item_description" DROP DEFAULT;ALTER TABLE "m_item_master" ALTER COLUMN "item_description" TYPE TEXT;
Executing (default): ALTER TABLE "m_item_master" DROP CONSTRAINT "m_item_master_category_id_fkey"
Executing (default): ALTER TABLE "m_item_master"  ADD FOREIGN KEY ("category_id") REFERENCES "m_item_category" ("id") ON DELETE SET NULL ON UPDATE CASCADE;
Executing (default): ALTER TABLE "m_item_master" DROP CONSTRAINT "m_item_master_unit_id_fkey"
Executing (default): ALTER TABLE "m_item_master"  ADD FOREIGN KEY ("unit_id") REFERENCES "m_unit" ("id") ON DELETE SET NULL ON UPDATE CASCADE;
Executing (default): ALTER TABLE "m_item_master" ALTER COLUMN "opening_stock" DROP NOT NULL;ALTER TABLE "m_item_master" ALTER COLUMN "opening_stock" SET DEFAULT 0;ALTER TABLE "m_item_master" ALTER COLUMN "opening_stock" TYPE DECIMAL(12,2);
Executing (default): ALTER TABLE "m_item_master" ALTER COLUMN "current_stock" DROP NOT NULL;ALTER TABLE "m_item_master" ALTER COLUMN "current_stock" SET DEFAULT 0;ALTER TABLE "m_item_master" ALTER COLUMN "current_stock" TYPE DECIMAL(12,2);
Executing (default): ALTER TABLE "m_item_master" ALTER COLUMN "min_stock" DROP NOT NULL;ALTER TABLE "m_item_master" ALTER COLUMN "min_stock" SET DEFAULT 0;ALTER TABLE "m_item_master" ALTER COLUMN "min_stock" TYPE DECIMAL(12,2);
Executing (default): ALTER TABLE "m_item_master" ALTER COLUMN "max_stock" DROP NOT NULL;ALTER TABLE "m_item_master" ALTER COLUMN "max_stock" SET DEFAULT 0;ALTER TABLE "m_item_master" ALTER COLUMN "max_stock" TYPE DECIMAL(12,2);
Executing (default): ALTER TABLE "m_item_master" ALTER COLUMN "reorder_level" DROP NOT NULL;ALTER TABLE "m_item_master" ALTER COLUMN "reorder_level" SET DEFAULT 0;ALTER TABLE "m_item_master" ALTER COLUMN "reorder_level" TYPE DECIMAL(12,2);
Executing (default): ALTER TABLE "m_item_master" ALTER COLUMN "rate" DROP NOT NULL;ALTER TABLE "m_item_master" ALTER COLUMN "rate" SET DEFAULT 0;ALTER TABLE "m_item_master" ALTER COLUMN "rate" TYPE DECIMAL(14,2);
Executing (default): ALTER TABLE "m_item_master" ALTER COLUMN "gst_rate" DROP NOT NULL;ALTER TABLE "m_item_master" ALTER COLUMN "gst_rate" SET DEFAULT 0;ALTER TABLE "m_item_master" ALTER COLUMN "gst_rate" TYPE DECIMAL(5,2);
Executing (default): ALTER TABLE "m_item_master" ALTER COLUMN "hsn_code" DROP NOT NULL;ALTER TABLE "m_item_master" ALTER COLUMN "hsn_code" DROP DEFAULT;ALTER TABLE "m_item_master" ALTER COLUMN "hsn_code" TYPE VARCHAR(20);
Executing (default): ALTER TABLE "m_item_master" ALTER COLUMN "is_active" DROP NOT NULL;ALTER TABLE "m_item_master" ALTER COLUMN "is_active" SET DEFAULT true;ALTER TABLE "m_item_master" ALTER COLUMN "is_active" TYPE BOOLEAN;
Executing (default): ALTER TABLE "m_item_master" ALTER COLUMN "created_at" DROP NOT NULL;ALTER TABLE "m_item_master" ALTER COLUMN "created_at" DROP DEFAULT;ALTER TABLE "m_item_master" ALTER COLUMN "created_at" TYPE TIMESTAMP WITH TIME ZONE;
Executing (default): ALTER TABLE "m_item_master" ALTER COLUMN "updated_at" DROP NOT NULL;ALTER TABLE "m_item_master" ALTER COLUMN "updated_at" DROP DEFAULT;ALTER TABLE "m_item_master" ALTER COLUMN "updated_at" TYPE TIMESTAMP WITH TIME ZONE;
Executing (default): SELECT i.relname AS name, ix.indisprimary AS primary, ix.indisunique AS unique, ix.indkey AS indkey, array_agg(a.attnum) as column_indexes, array_agg(a.attname) AS column_names, pg_get_indexdef(ix.indexrelid) AS definition FROM pg_class t, pg_class i, pg_index ix, pg_attribute a WHERE t.oid = ix.indrelid AND i.oid = ix.indexrelid AND a.attrelid = t.oid AND t.relkind = 'r' and t.relname = 'm_item_master' GROUP BY i.relname, ix.indexrelid, ix.indisprimary, ix.indisunique, ix.indkey ORDER BY i.relname;
Executing (default): SELECT table_name FROM information_schema.tables WHERE table_schema = 'public' AND table_name = 'm_purchase_order_item'
Executing (default): SELECT pk.constraint_type as "Constraint",c.column_name as "Field", c.column_default as "Default",c.is_nullable as "Null", (CASE WHEN c.udt_name = 'hstore' THEN c.udt_name ELSE c.data_type END) || (CASE WHEN c.character_maximum_length IS NOT NULL THEN '(' || c.character_maximum_length || ')' ELSE '' END) as "Type", (SELECT array_agg(e.enumlabel) FROM pg_catalog.pg_type t JOIN pg_catalog.pg_enum e ON t.oid=e.enumtypid WHERE t.typname=c.udt_name) AS "special", (SELECT pgd.description FROM pg_catalog.pg_statio_all_tables AS st INNER JOIN pg_catalog.pg_description pgd on (pgd.objoid=st.relid) WHERE c.ordinal_position=pgd.objsubid AND c.table_name=st.relname) AS "Comment" FROM information_schema.columns c LEFT JOIN (SELECT tc.table_schema, tc.table_name, cu.column_name, tc.constraint_type FROM information_schema.TABLE_CONSTRAINTS tc JOIN information_schema.KEY_COLUMN_USAGE  cu ON tc.table_schema=cu.table_schema and tc.table_name=cu.table_name and tc.constraint_name=cu.constraint_name and tc.constraint_type='PRIMARY KEY') pk ON pk.table_schema=c.table_schema AND pk.table_name=c.table_name AND pk.column_name=c.column_name WHERE c.table_name = 'm_purchase_order_item' AND c.table_schema = 'public'
Executing (default): SELECT DISTINCT tc.constraint_name as constraint_name, tc.constraint_schema as constraint_schema, tc.constraint_catalog as constraint_catalog, tc.table_name as table_name,tc.table_schema as table_schema,tc.table_catalog as table_catalog,tc.initially_deferred as initially_deferred,tc.is_deferrable as is_deferrable,kcu.column_name as column_name,ccu.table_schema  AS referenced_table_schema,ccu.table_catalog  AS referenced_table_catalog,ccu.table_name  AS referenced_table_name,ccu.column_name AS referenced_column_name FROM information_schema.table_constraints AS tc JOIN information_schema.key_column_usage AS kcu ON tc.constraint_name = kcu.constraint_name JOIN information_schema.constraint_column_usage AS ccu ON ccu.constraint_name = tc.constraint_name WHERE constraint_type = 'FOREIGN KEY' AND tc.table_name = 'm_purchase_order_item' AND tc.table_catalog = 'hrdb'
Executing (default): ALTER TABLE "m_purchase_order_item" DROP CONSTRAINT "m_purchase_order_item_po_id_fkey"
Executing (default): ALTER TABLE "m_purchase_order_item" ALTER COLUMN "po_id" SET NOT NULL;ALTER TABLE "m_purchase_order_item"  ADD FOREIGN KEY ("po_id") REFERENCES "m_purchase_order" ("id") ON DELETE CASCADE ON UPDATE CASCADE;
Executing (default): ALTER TABLE "m_purchase_order_item" ALTER COLUMN "item_id" DROP NOT NULL;ALTER TABLE "m_purchase_order_item" ALTER COLUMN "item_id" DROP DEFAULT;ALTER TABLE "m_purchase_order_item" ALTER COLUMN "item_id" TYPE INTEGER;
Executing (default): ALTER TABLE "m_purchase_order_item" ALTER COLUMN "item_code" DROP NOT NULL;ALTER TABLE "m_purchase_order_item" ALTER COLUMN "item_code" DROP DEFAULT;ALTER TABLE "m_purchase_order_item" ALTER COLUMN "item_code" TYPE VARCHAR(50);
Executing (default): ALTER TABLE "m_purchase_order_item" ALTER COLUMN "item_name" SET NOT NULL;ALTER TABLE "m_purchase_order_item" ALTER COLUMN "item_name" DROP DEFAULT;ALTER TABLE "m_purchase_order_item" ALTER COLUMN "item_name" TYPE VARCHAR(200);
Executing (default): ALTER TABLE "m_purchase_order_item" ALTER COLUMN "quantity" SET NOT NULL;ALTER TABLE "m_purchase_order_item" ALTER COLUMN "quantity" DROP DEFAULT;ALTER TABLE "m_purchase_order_item" ALTER COLUMN "quantity" TYPE DECIMAL(12,2);
Executing (default): ALTER TABLE "m_purchase_order_item" ALTER COLUMN "received_quantity" DROP NOT NULL;ALTER TABLE "m_purchase_order_item" ALTER COLUMN "received_quantity" SET DEFAULT 0;ALTER TABLE "m_purchase_order_item" ALTER COLUMN "received_quantity" TYPE DECIMAL(12,2);
Executing (default): ALTER TABLE "m_purchase_order_item" ALTER COLUMN "unit_id" DROP NOT NULL;ALTER TABLE "m_purchase_order_item" ALTER COLUMN "unit_id" DROP DEFAULT;ALTER TABLE "m_purchase_order_item" ALTER COLUMN "unit_id" TYPE INTEGER;
Executing (default): ALTER TABLE "m_purchase_order_item" ALTER COLUMN "rate" DROP NOT NULL;ALTER TABLE "m_purchase_order_item" ALTER COLUMN "rate" SET DEFAULT 0;ALTER TABLE "m_purchase_order_item" ALTER COLUMN "rate" TYPE DECIMAL(14,2);
Executing (default): ALTER TABLE "m_purchase_order_item" ALTER COLUMN "amount" DROP NOT NULL;ALTER TABLE "m_purchase_order_item" ALTER COLUMN "amount" SET DEFAULT 0;ALTER TABLE "m_purchase_order_item" ALTER COLUMN "amount" TYPE DECIMAL(14,2);
Executing (default): ALTER TABLE "m_purchase_order_item" ALTER COLUMN "gst_rate" DROP NOT NULL;ALTER TABLE "m_purchase_order_item" ALTER COLUMN "gst_rate" SET DEFAULT 0;ALTER TABLE "m_purchase_order_item" ALTER COLUMN "gst_rate" TYPE DECIMAL(5,2);
Executing (default): ALTER TABLE "m_purchase_order_item" ALTER COLUMN "gst_amount" DROP NOT NULL;ALTER TABLE "m_purchase_order_item" ALTER COLUMN "gst_amount" SET DEFAULT 0;ALTER TABLE "m_purchase_order_item" ALTER COLUMN "gst_amount" TYPE DECIMAL(14,2);
Executing (default): ALTER TABLE "m_purchase_order_item" ALTER COLUMN "total" DROP NOT NULL;ALTER TABLE "m_purchase_order_item" ALTER COLUMN "total" SET DEFAULT 0;ALTER TABLE "m_purchase_order_item" ALTER COLUMN "total" TYPE DECIMAL(14,2);
Executing (default): ALTER TABLE "m_purchase_order_item" ALTER COLUMN "delivery_date" DROP NOT NULL;ALTER TABLE "m_purchase_order_item" ALTER COLUMN "delivery_date" DROP DEFAULT;ALTER TABLE "m_purchase_order_item" ALTER COLUMN "delivery_date" TYPE DATE;
Executing (default): SELECT i.relname AS name, ix.indisprimary AS primary, ix.indisunique AS unique, ix.indkey AS indkey, array_agg(a.attnum) as column_indexes, array_agg(a.attname) AS column_names, pg_get_indexdef(ix.indexrelid) AS definition FROM pg_class t, pg_class i, pg_index ix, pg_attribute a WHERE t.oid = ix.indrelid AND i.oid = ix.indexrelid AND a.attrelid = t.oid AND t.relkind = 'r' and t.relname = 'm_purchase_order_item' GROUP BY i.relname, ix.indexrelid, ix.indisprimary, ix.indisunique, ix.indkey ORDER BY i.relname;
Executing (default): SELECT table_name FROM information_schema.tables WHERE table_schema = 'public' AND table_name = 'm_purchase_requisition'
Executing (default): SELECT pk.constraint_type as "Constraint",c.column_name as "Field", c.column_default as "Default",c.is_nullable as "Null", (CASE WHEN c.udt_name = 'hstore' THEN c.udt_name ELSE c.data_type END) || (CASE WHEN c.character_maximum_length IS NOT NULL THEN '(' || c.character_maximum_length || ')' ELSE '' END) as "Type", (SELECT array_agg(e.enumlabel) FROM pg_catalog.pg_type t JOIN pg_catalog.pg_enum e ON t.oid=e.enumtypid WHERE t.typname=c.udt_name) AS "special", (SELECT pgd.description FROM pg_catalog.pg_statio_all_tables AS st INNER JOIN pg_catalog.pg_description pgd on (pgd.objoid=st.relid) WHERE c.ordinal_position=pgd.objsubid AND c.table_name=st.relname) AS "Comment" FROM information_schema.columns c LEFT JOIN (SELECT tc.table_schema, tc.table_name, cu.column_name, tc.constraint_type FROM information_schema.TABLE_CONSTRAINTS tc JOIN information_schema.KEY_COLUMN_USAGE  cu ON tc.table_schema=cu.table_schema and tc.table_name=cu.table_name and tc.constraint_name=cu.constraint_name and tc.constraint_type='PRIMARY KEY') pk ON pk.table_schema=c.table_schema AND pk.table_name=c.table_name AND pk.column_name=c.column_name WHERE c.table_name = 'm_purchase_requisition' AND c.table_schema = 'public'
Executing (default): SELECT DISTINCT tc.constraint_name as constraint_name, tc.constraint_schema as constraint_schema, tc.constraint_catalog as constraint_catalog, tc.table_name as table_name,tc.table_schema as table_schema,tc.table_catalog as table_catalog,tc.initially_deferred as initially_deferred,tc.is_deferrable as is_deferrable,kcu.column_name as column_name,ccu.table_schema  AS referenced_table_schema,ccu.table_catalog  AS referenced_table_catalog,ccu.table_name  AS referenced_table_name,ccu.column_name AS referenced_column_name FROM information_schema.table_constraints AS tc JOIN information_schema.key_column_usage AS kcu ON tc.constraint_name = kcu.constraint_name JOIN information_schema.constraint_column_usage AS ccu ON ccu.constraint_name = tc.constraint_name WHERE constraint_type = 'FOREIGN KEY' AND tc.table_name = 'm_purchase_requisition' AND tc.table_catalog = 'hrdb'
Executing (default): ALTER TABLE "m_purchase_requisition" ALTER COLUMN "req_no" SET NOT NULL;ALTER TABLE "m_purchase_requisition" ALTER COLUMN "req_no" DROP DEFAULT;ALTER TABLE "m_purchase_requisition"  ADD UNIQUE ("req_no");ALTER TABLE "m_purchase_requisition" ALTER COLUMN "req_no" TYPE VARCHAR(50)  ;
Executing (default): ALTER TABLE "m_purchase_requisition" ALTER COLUMN "req_date" SET NOT NULL;ALTER TABLE "m_purchase_requisition" ALTER COLUMN "req_date" DROP DEFAULT;ALTER TABLE "m_purchase_requisition" ALTER COLUMN "req_date" TYPE DATE;
Executing (default): ALTER TABLE "m_purchase_requisition" ALTER COLUMN "department" DROP NOT NULL;ALTER TABLE "m_purchase_requisition" ALTER COLUMN "department" DROP DEFAULT;ALTER TABLE "m_purchase_requisition" ALTER COLUMN "department" TYPE VARCHAR(100);
Executing (default): ALTER TABLE "m_purchase_requisition" ALTER COLUMN "requested_by" DROP NOT NULL;ALTER TABLE "m_purchase_requisition" ALTER COLUMN "requested_by" DROP DEFAULT;ALTER TABLE "m_purchase_requisition" ALTER COLUMN "requested_by" TYPE VARCHAR(100);
Executing (default): ALTER TABLE "m_purchase_requisition" ALTER COLUMN "indent_type" DROP NOT NULL;ALTER TABLE "m_purchase_requisition" ALTER COLUMN "indent_type" DROP DEFAULT;ALTER TABLE "m_purchase_requisition" ALTER COLUMN "indent_type" TYPE VARCHAR(50);
Executing (default): ALTER TABLE "m_purchase_requisition" ALTER COLUMN "status" DROP NOT NULL;ALTER TABLE "m_purchase_requisition" ALTER COLUMN "status" SET DEFAULT 'Pending';ALTER TABLE "m_purchase_requisition" ALTER COLUMN "status" TYPE VARCHAR(30);
Executing (default): ALTER TABLE "m_purchase_requisition" ALTER COLUMN "priority" DROP NOT NULL;ALTER TABLE "m_purchase_requisition" ALTER COLUMN "priority" SET DEFAULT 'Normal';ALTER TABLE "m_purchase_requisition" ALTER COLUMN "priority" TYPE VARCHAR(20);
Executing (default): ALTER TABLE "m_purchase_requisition" ALTER COLUMN "notes" DROP NOT NULL;ALTER TABLE "m_purchase_requisition" ALTER COLUMN "notes" DROP DEFAULT;ALTER TABLE "m_purchase_requisition" ALTER COLUMN "notes" TYPE TEXT;
Executing (default): ALTER TABLE "m_purchase_requisition" ALTER COLUMN "approved_by" DROP NOT NULL;ALTER TABLE "m_purchase_requisition" ALTER COLUMN "approved_by" DROP DEFAULT;ALTER TABLE "m_purchase_requisition" ALTER COLUMN "approved_by" TYPE VARCHAR(100);
Executing (default): ALTER TABLE "m_purchase_requisition" ALTER COLUMN "approved_date" DROP NOT NULL;ALTER TABLE "m_purchase_requisition" ALTER COLUMN "approved_date" DROP DEFAULT;ALTER TABLE "m_purchase_requisition" ALTER COLUMN "approved_date" TYPE TIMESTAMP WITH TIME ZONE;
Executing (default): ALTER TABLE "m_purchase_requisition" ALTER COLUMN "created_at" DROP NOT NULL;ALTER TABLE "m_purchase_requisition" ALTER COLUMN "created_at" DROP DEFAULT;ALTER TABLE "m_purchase_requisition" ALTER COLUMN "created_at" TYPE TIMESTAMP WITH TIME ZONE;
Executing (default): ALTER TABLE "m_purchase_requisition" ALTER COLUMN "updated_at" DROP NOT NULL;ALTER TABLE "m_purchase_requisition" ALTER COLUMN "updated_at" DROP DEFAULT;ALTER TABLE "m_purchase_requisition" ALTER COLUMN "updated_at" TYPE TIMESTAMP WITH TIME ZONE;
Executing (default): SELECT i.relname AS name, ix.indisprimary AS primary, ix.indisunique AS unique, ix.indkey AS indkey, array_agg(a.attnum) as column_indexes, array_agg(a.attname) AS column_names, pg_get_indexdef(ix.indexrelid) AS definition FROM pg_class t, pg_class i, pg_index ix, pg_attribute a WHERE t.oid = ix.indrelid AND i.oid = ix.indexrelid AND a.attrelid = t.oid AND t.relkind = 'r' and t.relname = 'm_purchase_requisition' GROUP BY i.relname, ix.indexrelid, ix.indisprimary, ix.indisunique, ix.indkey ORDER BY i.relname;
Executing (default): SELECT table_name FROM information_schema.tables WHERE table_schema = 'public' AND table_name = 'm_purchase_requisition_item'
Executing (default): SELECT pk.constraint_type as "Constraint",c.column_name as "Field", c.column_default as "Default",c.is_nullable as "Null", (CASE WHEN c.udt_name = 'hstore' THEN c.udt_name ELSE c.data_type END) || (CASE WHEN c.character_maximum_length IS NOT NULL THEN '(' || c.character_maximum_length || ')' ELSE '' END) as "Type", (SELECT array_agg(e.enumlabel) FROM pg_catalog.pg_type t JOIN pg_catalog.pg_enum e ON t.oid=e.enumtypid WHERE t.typname=c.udt_name) AS "special", (SELECT pgd.description FROM pg_catalog.pg_statio_all_tables AS st INNER JOIN pg_catalog.pg_description pgd on (pgd.objoid=st.relid) WHERE c.ordinal_position=pgd.objsubid AND c.table_name=st.relname) AS "Comment" FROM information_schema.columns c LEFT JOIN (SELECT tc.table_schema, tc.table_name, cu.column_name, tc.constraint_type FROM information_schema.TABLE_CONSTRAINTS tc JOIN information_schema.KEY_COLUMN_USAGE  cu ON tc.table_schema=cu.table_schema and tc.table_name=cu.table_name and tc.constraint_name=cu.constraint_name and tc.constraint_type='PRIMARY KEY') pk ON pk.table_schema=c.table_schema AND pk.table_name=c.table_name AND pk.column_name=c.column_name WHERE c.table_name = 'm_purchase_requisition_item' AND c.table_schema = 'public'
Executing (default): SELECT DISTINCT tc.constraint_name as constraint_name, tc.constraint_schema as constraint_schema, tc.constraint_catalog as constraint_catalog, tc.table_name as table_name,tc.table_schema as table_schema,tc.table_catalog as table_catalog,tc.initially_deferred as initially_deferred,tc.is_deferrable as is_deferrable,kcu.column_name as column_name,ccu.table_schema  AS referenced_table_schema,ccu.table_catalog  AS referenced_table_catalog,ccu.table_name  AS referenced_table_name,ccu.column_name AS referenced_column_name FROM information_schema.table_constraints AS tc JOIN information_schema.key_column_usage AS kcu ON tc.constraint_name = kcu.constraint_name JOIN information_schema.constraint_column_usage AS ccu ON ccu.constraint_name = tc.constraint_name WHERE constraint_type = 'FOREIGN KEY' AND tc.table_name = 'm_purchase_requisition_item' AND tc.table_catalog = 'hrdb'
Executing (default): ALTER TABLE "m_purchase_requisition_item" DROP CONSTRAINT "m_purchase_requisition_item_requisition_id_fkey"
Executing (default): ALTER TABLE "m_purchase_requisition_item" ALTER COLUMN "requisition_id" SET NOT NULL;ALTER TABLE "m_purchase_requisition_item"  ADD FOREIGN KEY ("requisition_id") REFERENCES "m_purchase_requisition" ("id") ON DELETE CASCADE ON UPDATE CASCADE;
Executing (default): ALTER TABLE "m_purchase_requisition_item" ALTER COLUMN "item_id" DROP NOT NULL;ALTER TABLE "m_purchase_requisition_item" ALTER COLUMN "item_id" DROP DEFAULT;ALTER TABLE "m_purchase_requisition_item" ALTER COLUMN "item_id" TYPE INTEGER;
Executing (default): ALTER TABLE "m_purchase_requisition_item" ALTER COLUMN "item_code" DROP NOT NULL;ALTER TABLE "m_purchase_requisition_item" ALTER COLUMN "item_code" DROP DEFAULT;ALTER TABLE "m_purchase_requisition_item" ALTER COLUMN "item_code" TYPE VARCHAR(50);
Executing (default): ALTER TABLE "m_purchase_requisition_item" ALTER COLUMN "item_name" SET NOT NULL;ALTER TABLE "m_purchase_requisition_item" ALTER COLUMN "item_name" DROP DEFAULT;ALTER TABLE "m_purchase_requisition_item" ALTER COLUMN "item_name" TYPE VARCHAR(200);
Executing (default): ALTER TABLE "m_purchase_requisition_item" ALTER COLUMN "quantity" SET NOT NULL;ALTER TABLE "m_purchase_requisition_item" ALTER COLUMN "quantity" DROP DEFAULT;ALTER TABLE "m_purchase_requisition_item" ALTER COLUMN "quantity" TYPE DECIMAL(12,2);
Executing (default): ALTER TABLE "m_purchase_requisition_item" ALTER COLUMN "unit_id" DROP NOT NULL;ALTER TABLE "m_purchase_requisition_item" ALTER COLUMN "unit_id" DROP DEFAULT;ALTER TABLE "m_purchase_requisition_item" ALTER COLUMN "unit_id" TYPE INTEGER;
Executing (default): ALTER TABLE "m_purchase_requisition_item" ALTER COLUMN "expected_date" DROP NOT NULL;ALTER TABLE "m_purchase_requisition_item" ALTER COLUMN "expected_date" DROP DEFAULT;ALTER TABLE "m_purchase_requisition_item" ALTER COLUMN "expected_date" TYPE DATE;
Executing (default): ALTER TABLE "m_purchase_requisition_item" ALTER COLUMN "remarks" DROP NOT NULL;ALTER TABLE "m_purchase_requisition_item" ALTER COLUMN "remarks" DROP DEFAULT;ALTER TABLE "m_purchase_requisition_item" ALTER COLUMN "remarks" TYPE TEXT;
Executing (default): SELECT i.relname AS name, ix.indisprimary AS primary, ix.indisunique AS unique, ix.indkey AS indkey, array_agg(a.attnum) as column_indexes, array_agg(a.attname) AS column_names, pg_get_indexdef(ix.indexrelid) AS definition FROM pg_class t, pg_class i, pg_index ix, pg_attribute a WHERE t.oid = ix.indrelid AND i.oid = ix.indexrelid AND a.attrelid = t.oid AND t.relkind = 'r' and t.relname = 'm_purchase_requisition_item' GROUP BY i.relname, ix.indexrelid, ix.indisprimary, ix.indisunique, ix.indkey ORDER BY i.relname;
Executing (default): SELECT table_name FROM information_schema.tables WHERE table_schema = 'public' AND table_name = 'm_rfq'
Executing (default): SELECT pk.constraint_type as "Constraint",c.column_name as "Field", c.column_default as "Default",c.is_nullable as "Null", (CASE WHEN c.udt_name = 'hstore' THEN c.udt_name ELSE c.data_type END) || (CASE WHEN c.character_maximum_length IS NOT NULL THEN '(' || c.character_maximum_length || ')' ELSE '' END) as "Type", (SELECT array_agg(e.enumlabel) FROM pg_catalog.pg_type t JOIN pg_catalog.pg_enum e ON t.oid=e.enumtypid WHERE t.typname=c.udt_name) AS "special", (SELECT pgd.description FROM pg_catalog.pg_statio_all_tables AS st INNER JOIN pg_catalog.pg_description pgd on (pgd.objoid=st.relid) WHERE c.ordinal_position=pgd.objsubid AND c.table_name=st.relname) AS "Comment" FROM information_schema.columns c LEFT JOIN (SELECT tc.table_schema, tc.table_name, cu.column_name, tc.constraint_type FROM information_schema.TABLE_CONSTRAINTS tc JOIN information_schema.KEY_COLUMN_USAGE  cu ON tc.table_schema=cu.table_schema and tc.table_name=cu.table_name and tc.constraint_name=cu.constraint_name and tc.constraint_type='PRIMARY KEY') pk ON pk.table_schema=c.table_schema AND pk.table_name=c.table_name AND pk.column_name=c.column_name WHERE c.table_name = 'm_rfq' AND c.table_schema = 'public'
Executing (default): SELECT DISTINCT tc.constraint_name as constraint_name, tc.constraint_schema as constraint_schema, tc.constraint_catalog as constraint_catalog, tc.table_name as table_name,tc.table_schema as table_schema,tc.table_catalog as table_catalog,tc.initially_deferred as initially_deferred,tc.is_deferrable as is_deferrable,kcu.column_name as column_name,ccu.table_schema  AS referenced_table_schema,ccu.table_catalog  AS referenced_table_catalog,ccu.table_name  AS referenced_table_name,ccu.column_name AS referenced_column_name FROM information_schema.table_constraints AS tc JOIN information_schema.key_column_usage AS kcu ON tc.constraint_name = kcu.constraint_name JOIN information_schema.constraint_column_usage AS ccu ON ccu.constraint_name = tc.constraint_name WHERE constraint_type = 'FOREIGN KEY' AND tc.table_name = 'm_rfq' AND tc.table_catalog = 'hrdb'
Executing (default): ALTER TABLE "m_rfq" ALTER COLUMN "rfq_no" SET NOT NULL;ALTER TABLE "m_rfq" ALTER COLUMN "rfq_no" DROP DEFAULT;ALTER TABLE "m_rfq"  ADD UNIQUE ("rfq_no");ALTER TABLE "m_rfq" ALTER COLUMN "rfq_no" TYPE VARCHAR(50)  ;
Executing (default): ALTER TABLE "m_rfq" ALTER COLUMN "rfq_date" SET NOT NULL;ALTER TABLE "m_rfq" ALTER COLUMN "rfq_date" DROP DEFAULT;ALTER TABLE "m_rfq" ALTER COLUMN "rfq_date" TYPE DATE;
Executing (default): ALTER TABLE "m_rfq" ALTER COLUMN "subject" DROP NOT NULL;ALTER TABLE "m_rfq" ALTER COLUMN "subject" DROP DEFAULT;ALTER TABLE "m_rfq" ALTER COLUMN "subject" TYPE VARCHAR(300);
Executing (default): ALTER TABLE "m_rfq" ALTER COLUMN "status" DROP NOT NULL;ALTER TABLE "m_rfq" ALTER COLUMN "status" SET DEFAULT 'Open';ALTER TABLE "m_rfq" ALTER COLUMN "status" TYPE VARCHAR(30);
Executing (default): ALTER TABLE "m_rfq" ALTER COLUMN "closing_date" DROP NOT NULL;ALTER TABLE "m_rfq" ALTER COLUMN "closing_date" DROP DEFAULT;ALTER TABLE "m_rfq" ALTER COLUMN "closing_date" TYPE DATE;
Executing (default): ALTER TABLE "m_rfq" ALTER COLUMN "remarks" DROP NOT NULL;ALTER TABLE "m_rfq" ALTER COLUMN "remarks" DROP DEFAULT;ALTER TABLE "m_rfq" ALTER COLUMN "remarks" TYPE TEXT;
Executing (default): ALTER TABLE "m_rfq" ALTER COLUMN "created_at" DROP NOT NULL;ALTER TABLE "m_rfq" ALTER COLUMN "created_at" DROP DEFAULT;ALTER TABLE "m_rfq" ALTER COLUMN "created_at" TYPE TIMESTAMP WITH TIME ZONE;
Executing (default): ALTER TABLE "m_rfq" ALTER COLUMN "updated_at" DROP NOT NULL;ALTER TABLE "m_rfq" ALTER COLUMN "updated_at" DROP DEFAULT;ALTER TABLE "m_rfq" ALTER COLUMN "updated_at" TYPE TIMESTAMP WITH TIME ZONE;
Executing (default): SELECT i.relname AS name, ix.indisprimary AS primary, ix.indisunique AS unique, ix.indkey AS indkey, array_agg(a.attnum) as column_indexes, array_agg(a.attname) AS column_names, pg_get_indexdef(ix.indexrelid) AS definition FROM pg_class t, pg_class i, pg_index ix, pg_attribute a WHERE t.oid = ix.indrelid AND i.oid = ix.indexrelid AND a.attrelid = t.oid AND t.relkind = 'r' and t.relname = 'm_rfq' GROUP BY i.relname, ix.indexrelid, ix.indisprimary, ix.indisunique, ix.indkey ORDER BY i.relname;
Executing (default): SELECT table_name FROM information_schema.tables WHERE table_schema = 'public' AND table_name = 'm_rfq_item'
Executing (default): SELECT pk.constraint_type as "Constraint",c.column_name as "Field", c.column_default as "Default",c.is_nullable as "Null", (CASE WHEN c.udt_name = 'hstore' THEN c.udt_name ELSE c.data_type END) || (CASE WHEN c.character_maximum_length IS NOT NULL THEN '(' || c.character_maximum_length || ')' ELSE '' END) as "Type", (SELECT array_agg(e.enumlabel) FROM pg_catalog.pg_type t JOIN pg_catalog.pg_enum e ON t.oid=e.enumtypid WHERE t.typname=c.udt_name) AS "special", (SELECT pgd.description FROM pg_catalog.pg_statio_all_tables AS st INNER JOIN pg_catalog.pg_description pgd on (pgd.objoid=st.relid) WHERE c.ordinal_position=pgd.objsubid AND c.table_name=st.relname) AS "Comment" FROM information_schema.columns c LEFT JOIN (SELECT tc.table_schema, tc.table_name, cu.column_name, tc.constraint_type FROM information_schema.TABLE_CONSTRAINTS tc JOIN information_schema.KEY_COLUMN_USAGE  cu ON tc.table_schema=cu.table_schema and tc.table_name=cu.table_name and tc.constraint_name=cu.constraint_name and tc.constraint_type='PRIMARY KEY') pk ON pk.table_schema=c.table_schema AND pk.table_name=c.table_name AND pk.column_name=c.column_name WHERE c.table_name = 'm_rfq_item' AND c.table_schema = 'public'
Executing (default): SELECT DISTINCT tc.constraint_name as constraint_name, tc.constraint_schema as constraint_schema, tc.constraint_catalog as constraint_catalog, tc.table_name as table_name,tc.table_schema as table_schema,tc.table_catalog as table_catalog,tc.initially_deferred as initially_deferred,tc.is_deferrable as is_deferrable,kcu.column_name as column_name,ccu.table_schema  AS referenced_table_schema,ccu.table_catalog  AS referenced_table_catalog,ccu.table_name  AS referenced_table_name,ccu.column_name AS referenced_column_name FROM information_schema.table_constraints AS tc JOIN information_schema.key_column_usage AS kcu ON tc.constraint_name = kcu.constraint_name JOIN information_schema.constraint_column_usage AS ccu ON ccu.constraint_name = tc.constraint_name WHERE constraint_type = 'FOREIGN KEY' AND tc.table_name = 'm_rfq_item' AND tc.table_catalog = 'hrdb'
Executing (default): ALTER TABLE "m_rfq_item" DROP CONSTRAINT "m_rfq_item_rfq_id_fkey"
Executing (default): ALTER TABLE "m_rfq_item" ALTER COLUMN "rfq_id" SET NOT NULL;ALTER TABLE "m_rfq_item"  ADD FOREIGN KEY ("rfq_id") REFERENCES "m_rfq" ("id") ON DELETE CASCADE ON UPDATE CASCADE;
Executing (default): ALTER TABLE "m_rfq_item" ALTER COLUMN "item_id" DROP NOT NULL;ALTER TABLE "m_rfq_item" ALTER COLUMN "item_id" DROP DEFAULT;ALTER TABLE "m_rfq_item" ALTER COLUMN "item_id" TYPE INTEGER;
Executing (default): ALTER TABLE "m_rfq_item" ALTER COLUMN "item_code" DROP NOT NULL;ALTER TABLE "m_rfq_item" ALTER COLUMN "item_code" DROP DEFAULT;ALTER TABLE "m_rfq_item" ALTER COLUMN "item_code" TYPE VARCHAR(50);
Executing (default): ALTER TABLE "m_rfq_item" ALTER COLUMN "item_name" SET NOT NULL;ALTER TABLE "m_rfq_item" ALTER COLUMN "item_name" DROP DEFAULT;ALTER TABLE "m_rfq_item" ALTER COLUMN "item_name" TYPE VARCHAR(200);
Executing (default): ALTER TABLE "m_rfq_item" ALTER COLUMN "quantity" SET NOT NULL;ALTER TABLE "m_rfq_item" ALTER COLUMN "quantity" DROP DEFAULT;ALTER TABLE "m_rfq_item" ALTER COLUMN "quantity" TYPE DECIMAL(12,2);
Executing (default): ALTER TABLE "m_rfq_item" ALTER COLUMN "unit_id" DROP NOT NULL;ALTER TABLE "m_rfq_item" ALTER COLUMN "unit_id" DROP DEFAULT;ALTER TABLE "m_rfq_item" ALTER COLUMN "unit_id" TYPE INTEGER;
Executing (default): SELECT i.relname AS name, ix.indisprimary AS primary, ix.indisunique AS unique, ix.indkey AS indkey, array_agg(a.attnum) as column_indexes, array_agg(a.attname) AS column_names, pg_get_indexdef(ix.indexrelid) AS definition FROM pg_class t, pg_class i, pg_index ix, pg_attribute a WHERE t.oid = ix.indrelid AND i.oid = ix.indexrelid AND a.attrelid = t.oid AND t.relkind = 'r' and t.relname = 'm_rfq_item' GROUP BY i.relname, ix.indexrelid, ix.indisprimary, ix.indisunique, ix.indkey ORDER BY i.relname;
Executing (default): SELECT table_name FROM information_schema.tables WHERE table_schema = 'public' AND table_name = 'm_rfq_vendor'
Executing (default): SELECT pk.constraint_type as "Constraint",c.column_name as "Field", c.column_default as "Default",c.is_nullable as "Null", (CASE WHEN c.udt_name = 'hstore' THEN c.udt_name ELSE c.data_type END) || (CASE WHEN c.character_maximum_length IS NOT NULL THEN '(' || c.character_maximum_length || ')' ELSE '' END) as "Type", (SELECT array_agg(e.enumlabel) FROM pg_catalog.pg_type t JOIN pg_catalog.pg_enum e ON t.oid=e.enumtypid WHERE t.typname=c.udt_name) AS "special", (SELECT pgd.description FROM pg_catalog.pg_statio_all_tables AS st INNER JOIN pg_catalog.pg_description pgd on (pgd.objoid=st.relid) WHERE c.ordinal_position=pgd.objsubid AND c.table_name=st.relname) AS "Comment" FROM information_schema.columns c LEFT JOIN (SELECT tc.table_schema, tc.table_name, cu.column_name, tc.constraint_type FROM information_schema.TABLE_CONSTRAINTS tc JOIN information_schema.KEY_COLUMN_USAGE  cu ON tc.table_schema=cu.table_schema and tc.table_name=cu.table_name and tc.constraint_name=cu.constraint_name and tc.constraint_type='PRIMARY KEY') pk ON pk.table_schema=c.table_schema AND pk.table_name=c.table_name AND pk.column_name=c.column_name WHERE c.table_name = 'm_rfq_vendor' AND c.table_schema = 'public'
Executing (default): SELECT DISTINCT tc.constraint_name as constraint_name, tc.constraint_schema as constraint_schema, tc.constraint_catalog as constraint_catalog, tc.table_name as table_name,tc.table_schema as table_schema,tc.table_catalog as table_catalog,tc.initially_deferred as initially_deferred,tc.is_deferrable as is_deferrable,kcu.column_name as column_name,ccu.table_schema  AS referenced_table_schema,ccu.table_catalog  AS referenced_table_catalog,ccu.table_name  AS referenced_table_name,ccu.column_name AS referenced_column_name FROM information_schema.table_constraints AS tc JOIN information_schema.key_column_usage AS kcu ON tc.constraint_name = kcu.constraint_name JOIN information_schema.constraint_column_usage AS ccu ON ccu.constraint_name = tc.constraint_name WHERE constraint_type = 'FOREIGN KEY' AND tc.table_name = 'm_rfq_vendor' AND tc.table_catalog = 'hrdb'
Executing (default): ALTER TABLE "m_rfq_vendor" DROP CONSTRAINT "m_rfq_vendor_rfq_id_fkey"
Executing (default): ALTER TABLE "m_rfq_vendor" ALTER COLUMN "rfq_id" SET NOT NULL;ALTER TABLE "m_rfq_vendor"  ADD FOREIGN KEY ("rfq_id") REFERENCES "m_rfq" ("id") ON DELETE CASCADE ON UPDATE CASCADE;
Executing (default): ALTER TABLE "m_rfq_vendor" DROP CONSTRAINT "m_rfq_vendor_supplier_id_fkey"
Executing (default): ALTER TABLE "m_rfq_vendor" ALTER COLUMN "supplier_id" SET NOT NULL;ALTER TABLE "m_rfq_vendor"  ADD FOREIGN KEY ("supplier_id") REFERENCES "m_supplier_master" ("id") ON DELETE NO ACTION ON UPDATE CASCADE;
Executing (default): ALTER TABLE "m_rfq_vendor" ALTER COLUMN "quoted_amount" DROP NOT NULL;ALTER TABLE "m_rfq_vendor" ALTER COLUMN "quoted_amount" DROP DEFAULT;ALTER TABLE "m_rfq_vendor" ALTER COLUMN "quoted_amount" TYPE DECIMAL(14,2);
Executing (default): ALTER TABLE "m_rfq_vendor" ALTER COLUMN "delivery_days" DROP NOT NULL;ALTER TABLE "m_rfq_vendor" ALTER COLUMN "delivery_days" DROP DEFAULT;ALTER TABLE "m_rfq_vendor" ALTER COLUMN "delivery_days" TYPE INTEGER;
Executing (default): ALTER TABLE "m_rfq_vendor" ALTER COLUMN "validity_days" DROP NOT NULL;ALTER TABLE "m_rfq_vendor" ALTER COLUMN "validity_days" DROP DEFAULT;ALTER TABLE "m_rfq_vendor" ALTER COLUMN "validity_days" TYPE INTEGER;
Executing (default): ALTER TABLE "m_rfq_vendor" ALTER COLUMN "remarks" DROP NOT NULL;ALTER TABLE "m_rfq_vendor" ALTER COLUMN "remarks" DROP DEFAULT;ALTER TABLE "m_rfq_vendor" ALTER COLUMN "remarks" TYPE TEXT;
Executing (default): ALTER TABLE "m_rfq_vendor" ALTER COLUMN "is_selected" DROP NOT NULL;ALTER TABLE "m_rfq_vendor" ALTER COLUMN "is_selected" SET DEFAULT false;ALTER TABLE "m_rfq_vendor" ALTER COLUMN "is_selected" TYPE BOOLEAN;
Executing (default): SELECT i.relname AS name, ix.indisprimary AS primary, ix.indisunique AS unique, ix.indkey AS indkey, array_agg(a.attnum) as column_indexes, array_agg(a.attname) AS column_names, pg_get_indexdef(ix.indexrelid) AS definition FROM pg_class t, pg_class i, pg_index ix, pg_attribute a WHERE t.oid = ix.indrelid AND i.oid = ix.indexrelid AND a.attrelid = t.oid AND t.relkind = 'r' and t.relname = 'm_rfq_vendor' GROUP BY i.relname, ix.indexrelid, ix.indisprimary, ix.indisunique, ix.indkey ORDER BY i.relname;
Executing (default): SELECT table_name FROM information_schema.tables WHERE table_schema = 'public' AND table_name = 'm_vendor_price_list'
Executing (default): SELECT pk.constraint_type as "Constraint",c.column_name as "Field", c.column_default as "Default",c.is_nullable as "Null", (CASE WHEN c.udt_name = 'hstore' THEN c.udt_name ELSE c.data_type END) || (CASE WHEN c.character_maximum_length IS NOT NULL THEN '(' || c.character_maximum_length || ')' ELSE '' END) as "Type", (SELECT array_agg(e.enumlabel) FROM pg_catalog.pg_type t JOIN pg_catalog.pg_enum e ON t.oid=e.enumtypid WHERE t.typname=c.udt_name) AS "special", (SELECT pgd.description FROM pg_catalog.pg_statio_all_tables AS st INNER JOIN pg_catalog.pg_description pgd on (pgd.objoid=st.relid) WHERE c.ordinal_position=pgd.objsubid AND c.table_name=st.relname) AS "Comment" FROM information_schema.columns c LEFT JOIN (SELECT tc.table_schema, tc.table_name, cu.column_name, tc.constraint_type FROM information_schema.TABLE_CONSTRAINTS tc JOIN information_schema.KEY_COLUMN_USAGE  cu ON tc.table_schema=cu.table_schema and tc.table_name=cu.table_name and tc.constraint_name=cu.constraint_name and tc.constraint_type='PRIMARY KEY') pk ON pk.table_schema=c.table_schema AND pk.table_name=c.table_name AND pk.column_name=c.column_name WHERE c.table_name = 'm_vendor_price_list' AND c.table_schema = 'public'
Executing (default): SELECT DISTINCT tc.constraint_name as constraint_name, tc.constraint_schema as constraint_schema, tc.constraint_catalog as constraint_catalog, tc.table_name as table_name,tc.table_schema as table_schema,tc.table_catalog as table_catalog,tc.initially_deferred as initially_deferred,tc.is_deferrable as is_deferrable,kcu.column_name as column_name,ccu.table_schema  AS referenced_table_schema,ccu.table_catalog  AS referenced_table_catalog,ccu.table_name  AS referenced_table_name,ccu.column_name AS referenced_column_name FROM information_schema.table_constraints AS tc JOIN information_schema.key_column_usage AS kcu ON tc.constraint_name = kcu.constraint_name JOIN information_schema.constraint_column_usage AS ccu ON ccu.constraint_name = tc.constraint_name WHERE constraint_type = 'FOREIGN KEY' AND tc.table_name = 'm_vendor_price_list' AND tc.table_catalog = 'hrdb'
Executing (default): ALTER TABLE "m_vendor_price_list" DROP CONSTRAINT "m_vendor_price_list_supplier_id_fkey"
Executing (default): ALTER TABLE "m_vendor_price_list" ALTER COLUMN "supplier_id" SET NOT NULL;ALTER TABLE "m_vendor_price_list"  ADD FOREIGN KEY ("supplier_id") REFERENCES "m_supplier_master" ("id") ON DELETE NO ACTION ON UPDATE CASCADE;
Executing (default): ALTER TABLE "m_vendor_price_list" DROP CONSTRAINT "m_vendor_price_list_item_id_fkey"
Executing (default): ALTER TABLE "m_vendor_price_list" ALTER COLUMN "item_id" SET NOT NULL;ALTER TABLE "m_vendor_price_list"  ADD FOREIGN KEY ("item_id") REFERENCES "m_item_master" ("id") ON DELETE NO ACTION ON UPDATE CASCADE;
Executing (default): ALTER TABLE "m_vendor_price_list" ALTER COLUMN "rate" SET NOT NULL;ALTER TABLE "m_vendor_price_list" ALTER COLUMN "rate" DROP DEFAULT;ALTER TABLE "m_vendor_price_list" ALTER COLUMN "rate" TYPE DECIMAL(14,2);
Executing (default): ALTER TABLE "m_vendor_price_list" ALTER COLUMN "currency" DROP NOT NULL;ALTER TABLE "m_vendor_price_list" ALTER COLUMN "currency" SET DEFAULT 'INR';ALTER TABLE "m_vendor_price_list" ALTER COLUMN "currency" TYPE VARCHAR(10);
Executing (default): ALTER TABLE "m_vendor_price_list" ALTER COLUMN "effective_from" DROP NOT NULL;ALTER TABLE "m_vendor_price_list" ALTER COLUMN "effective_from" DROP DEFAULT;ALTER TABLE "m_vendor_price_list" ALTER COLUMN "effective_from" TYPE DATE;
Executing (default): ALTER TABLE "m_vendor_price_list" ALTER COLUMN "effective_to" DROP NOT NULL;ALTER TABLE "m_vendor_price_list" ALTER COLUMN "effective_to" DROP DEFAULT;ALTER TABLE "m_vendor_price_list" ALTER COLUMN "effective_to" TYPE DATE;
Executing (default): ALTER TABLE "m_vendor_price_list" ALTER COLUMN "moq" DROP NOT NULL;ALTER TABLE "m_vendor_price_list" ALTER COLUMN "moq" DROP DEFAULT;ALTER TABLE "m_vendor_price_list" ALTER COLUMN "moq" TYPE DECIMAL(12,2);
Executing (default): ALTER TABLE "m_vendor_price_list" ALTER COLUMN "lead_days" DROP NOT NULL;ALTER TABLE "m_vendor_price_list" ALTER COLUMN "lead_days" DROP DEFAULT;ALTER TABLE "m_vendor_price_list" ALTER COLUMN "lead_days" TYPE INTEGER;
Executing (default): ALTER TABLE "m_vendor_price_list" ALTER COLUMN "is_active" DROP NOT NULL;ALTER TABLE "m_vendor_price_list" ALTER COLUMN "is_active" SET DEFAULT true;ALTER TABLE "m_vendor_price_list" ALTER COLUMN "is_active" TYPE BOOLEAN;
Executing (default): ALTER TABLE "m_vendor_price_list" ALTER COLUMN "created_at" DROP NOT NULL;ALTER TABLE "m_vendor_price_list" ALTER COLUMN "created_at" DROP DEFAULT;ALTER TABLE "m_vendor_price_list" ALTER COLUMN "created_at" TYPE TIMESTAMP WITH TIME ZONE;
Executing (default): ALTER TABLE "m_vendor_price_list" ALTER COLUMN "updated_at" DROP NOT NULL;ALTER TABLE "m_vendor_price_list" ALTER COLUMN "updated_at" DROP DEFAULT;ALTER TABLE "m_vendor_price_list" ALTER COLUMN "updated_at" TYPE TIMESTAMP WITH TIME ZONE;
Executing (default): SELECT i.relname AS name, ix.indisprimary AS primary, ix.indisunique AS unique, ix.indkey AS indkey, array_agg(a.attnum) as column_indexes, array_agg(a.attname) AS column_names, pg_get_indexdef(ix.indexrelid) AS definition FROM pg_class t, pg_class i, pg_index ix, pg_attribute a WHERE t.oid = ix.indrelid AND i.oid = ix.indexrelid AND a.attrelid = t.oid AND t.relkind = 'r' and t.relname = 'm_vendor_price_list' GROUP BY i.relname, ix.indexrelid, ix.indisprimary, ix.indisunique, ix.indkey ORDER BY i.relname;
Executing (default): SELECT table_name FROM information_schema.tables WHERE table_schema = 'public' AND table_name = 'm_vendor_rating'
Executing (default): SELECT pk.constraint_type as "Constraint",c.column_name as "Field", c.column_default as "Default",c.is_nullable as "Null", (CASE WHEN c.udt_name = 'hstore' THEN c.udt_name ELSE c.data_type END) || (CASE WHEN c.character_maximum_length IS NOT NULL THEN '(' || c.character_maximum_length || ')' ELSE '' END) as "Type", (SELECT array_agg(e.enumlabel) FROM pg_catalog.pg_type t JOIN pg_catalog.pg_enum e ON t.oid=e.enumtypid WHERE t.typname=c.udt_name) AS "special", (SELECT pgd.description FROM pg_catalog.pg_statio_all_tables AS st INNER JOIN pg_catalog.pg_description pgd on (pgd.objoid=st.relid) WHERE c.ordinal_position=pgd.objsubid AND c.table_name=st.relname) AS "Comment" FROM information_schema.columns c LEFT JOIN (SELECT tc.table_schema, tc.table_name, cu.column_name, tc.constraint_type FROM information_schema.TABLE_CONSTRAINTS tc JOIN information_schema.KEY_COLUMN_USAGE  cu ON tc.table_schema=cu.table_schema and tc.table_name=cu.table_name and tc.constraint_name=cu.constraint_name and tc.constraint_type='PRIMARY KEY') pk ON pk.table_schema=c.table_schema AND pk.table_name=c.table_name AND pk.column_name=c.column_name WHERE c.table_name = 'm_vendor_rating' AND c.table_schema = 'public'
Executing (default): SELECT DISTINCT tc.constraint_name as constraint_name, tc.constraint_schema as constraint_schema, tc.constraint_catalog as constraint_catalog, tc.table_name as table_name,tc.table_schema as table_schema,tc.table_catalog as table_catalog,tc.initially_deferred as initially_deferred,tc.is_deferrable as is_deferrable,kcu.column_name as column_name,ccu.table_schema  AS referenced_table_schema,ccu.table_catalog  AS referenced_table_catalog,ccu.table_name  AS referenced_table_name,ccu.column_name AS referenced_column_name FROM information_schema.table_constraints AS tc JOIN information_schema.key_column_usage AS kcu ON tc.constraint_name = kcu.constraint_name JOIN information_schema.constraint_column_usage AS ccu ON ccu.constraint_name = tc.constraint_name WHERE constraint_type = 'FOREIGN KEY' AND tc.table_name = 'm_vendor_rating' AND tc.table_catalog = 'hrdb'
Executing (default): ALTER TABLE "m_vendor_rating" DROP CONSTRAINT "m_vendor_rating_supplier_id_fkey"
Executing (default): ALTER TABLE "m_vendor_rating" ALTER COLUMN "supplier_id" SET NOT NULL;ALTER TABLE "m_vendor_rating"  ADD FOREIGN KEY ("supplier_id") REFERENCES "m_supplier_master" ("id") ON DELETE NO ACTION ON UPDATE CASCADE;
Executing (default): ALTER TABLE "m_vendor_rating" ALTER COLUMN "po_id" DROP NOT NULL;ALTER TABLE "m_vendor_rating" ALTER COLUMN "po_id" DROP DEFAULT;ALTER TABLE "m_vendor_rating" ALTER COLUMN "po_id" TYPE INTEGER;
Executing (default): ALTER TABLE "m_vendor_rating" ALTER COLUMN "quality_score" DROP NOT NULL;ALTER TABLE "m_vendor_rating" ALTER COLUMN "quality_score" SET DEFAULT 0;ALTER TABLE "m_vendor_rating" ALTER COLUMN "quality_score" TYPE DECIMAL(5,2);
Executing (default): ALTER TABLE "m_vendor_rating" ALTER COLUMN "delivery_score" DROP NOT NULL;ALTER TABLE "m_vendor_rating" ALTER COLUMN "delivery_score" SET DEFAULT 0;ALTER TABLE "m_vendor_rating" ALTER COLUMN "delivery_score" TYPE DECIMAL(5,2);
Executing (default): ALTER TABLE "m_vendor_rating" ALTER COLUMN "price_score" DROP NOT NULL;ALTER TABLE "m_vendor_rating" ALTER COLUMN "price_score" SET DEFAULT 0;ALTER TABLE "m_vendor_rating" ALTER COLUMN "price_score" TYPE DECIMAL(5,2);
Executing (default): ALTER TABLE "m_vendor_rating" ALTER COLUMN "service_score" DROP NOT NULL;ALTER TABLE "m_vendor_rating" ALTER COLUMN "service_score" SET DEFAULT 0;ALTER TABLE "m_vendor_rating" ALTER COLUMN "service_score" TYPE DECIMAL(5,2);
Executing (default): ALTER TABLE "m_vendor_rating" ALTER COLUMN "overall_score" DROP NOT NULL;ALTER TABLE "m_vendor_rating" ALTER COLUMN "overall_score" SET DEFAULT 0;ALTER TABLE "m_vendor_rating" ALTER COLUMN "overall_score" TYPE DECIMAL(5,2);
Executing (default): ALTER TABLE "m_vendor_rating" ALTER COLUMN "remarks" DROP NOT NULL;ALTER TABLE "m_vendor_rating" ALTER COLUMN "remarks" DROP DEFAULT;ALTER TABLE "m_vendor_rating" ALTER COLUMN "remarks" TYPE TEXT;
Executing (default): ALTER TABLE "m_vendor_rating" ALTER COLUMN "rated_by" DROP NOT NULL;ALTER TABLE "m_vendor_rating" ALTER COLUMN "rated_by" DROP DEFAULT;ALTER TABLE "m_vendor_rating" ALTER COLUMN "rated_by" TYPE VARCHAR(100);
Executing (default): ALTER TABLE "m_vendor_rating" ALTER COLUMN "rating_date" DROP NOT NULL;ALTER TABLE "m_vendor_rating" ALTER COLUMN "rating_date" DROP DEFAULT;ALTER TABLE "m_vendor_rating" ALTER COLUMN "rating_date" TYPE DATE;
Executing (default): SELECT i.relname AS name, ix.indisprimary AS primary, ix.indisunique AS unique, ix.indkey AS indkey, array_agg(a.attnum) as column_indexes, array_agg(a.attname) AS column_names, pg_get_indexdef(ix.indexrelid) AS definition FROM pg_class t, pg_class i, pg_index ix, pg_attribute a WHERE t.oid = ix.indrelid AND i.oid = ix.indexrelid AND a.attrelid = t.oid AND t.relkind = 'r' and t.relname = 'm_vendor_rating' GROUP BY i.relname, ix.indexrelid, ix.indisprimary, ix.indisunique, ix.indkey ORDER BY i.relname;
✅ ERP database synced.
✅ Server running at http://localhost:5000
